Archive member included to satisfy reference by file (symbol)

/home/szymon/eclipse/plugins/fr.ac6.mcu.externaltools.arm-none.linux64_1.13.1.201703061524/tools/compiler/bin/../lib/gcc/arm-none-eabi/5.4.1/../../../../arm-none-eabi/lib/armv7-m/libc_nano.a(lib_a-exit.o)
                              /home/szymon/eclipse/plugins/fr.ac6.mcu.externaltools.arm-none.linux64_1.13.1.201703061524/tools/compiler/bin/../lib/gcc/arm-none-eabi/5.4.1/../../../../arm-none-eabi/lib/armv7-m/crt0.o (exit)
/home/szymon/eclipse/plugins/fr.ac6.mcu.externaltools.arm-none.linux64_1.13.1.201703061524/tools/compiler/bin/../lib/gcc/arm-none-eabi/5.4.1/../../../../arm-none-eabi/lib/armv7-m/libc_nano.a(lib_a-impure.o)
                              /home/szymon/eclipse/plugins/fr.ac6.mcu.externaltools.arm-none.linux64_1.13.1.201703061524/tools/compiler/bin/../lib/gcc/arm-none-eabi/5.4.1/../../../../arm-none-eabi/lib/armv7-m/libc_nano.a(lib_a-exit.o) (_global_impure_ptr)
/home/szymon/eclipse/plugins/fr.ac6.mcu.externaltools.arm-none.linux64_1.13.1.201703061524/tools/compiler/bin/../lib/gcc/arm-none-eabi/5.4.1/../../../../arm-none-eabi/lib/armv7-m/libc_nano.a(lib_a-init.o)
                              /home/szymon/eclipse/plugins/fr.ac6.mcu.externaltools.arm-none.linux64_1.13.1.201703061524/tools/compiler/bin/../lib/gcc/arm-none-eabi/5.4.1/../../../../arm-none-eabi/lib/armv7-m/crt0.o (__libc_init_array)
/home/szymon/eclipse/plugins/fr.ac6.mcu.externaltools.arm-none.linux64_1.13.1.201703061524/tools/compiler/bin/../lib/gcc/arm-none-eabi/5.4.1/../../../../arm-none-eabi/lib/armv7-m/libc_nano.a(lib_a-memset.o)
                              /home/szymon/eclipse/plugins/fr.ac6.mcu.externaltools.arm-none.linux64_1.13.1.201703061524/tools/compiler/bin/../lib/gcc/arm-none-eabi/5.4.1/../../../../arm-none-eabi/lib/armv7-m/crt0.o (memset)
/home/szymon/eclipse/plugins/fr.ac6.mcu.externaltools.arm-none.linux64_1.13.1.201703061524/tools/compiler/bin/../lib/gcc/arm-none-eabi/5.4.1/../../../../arm-none-eabi/lib/armv7-m/libc_nano.a(lib_a-sprintf.o)
                              Src/main.o (sprintf)
/home/szymon/eclipse/plugins/fr.ac6.mcu.externaltools.arm-none.linux64_1.13.1.201703061524/tools/compiler/bin/../lib/gcc/arm-none-eabi/5.4.1/../../../../arm-none-eabi/lib/armv7-m/libc_nano.a(lib_a-nano-svfprintf.o)
                              /home/szymon/eclipse/plugins/fr.ac6.mcu.externaltools.arm-none.linux64_1.13.1.201703061524/tools/compiler/bin/../lib/gcc/arm-none-eabi/5.4.1/../../../../arm-none-eabi/lib/armv7-m/libc_nano.a(lib_a-sprintf.o) (_svfprintf_r)
/home/szymon/eclipse/plugins/fr.ac6.mcu.externaltools.arm-none.linux64_1.13.1.201703061524/tools/compiler/bin/../lib/gcc/arm-none-eabi/5.4.1/../../../../arm-none-eabi/lib/armv7-m/libc_nano.a(lib_a-nano-vfprintf_i.o)
                              /home/szymon/eclipse/plugins/fr.ac6.mcu.externaltools.arm-none.linux64_1.13.1.201703061524/tools/compiler/bin/../lib/gcc/arm-none-eabi/5.4.1/../../../../arm-none-eabi/lib/armv7-m/libc_nano.a(lib_a-nano-svfprintf.o) (_printf_i)
/home/szymon/eclipse/plugins/fr.ac6.mcu.externaltools.arm-none.linux64_1.13.1.201703061524/tools/compiler/bin/../lib/gcc/arm-none-eabi/5.4.1/../../../../arm-none-eabi/lib/armv7-m/libc_nano.a(lib_a-memchr-stub.o)
                              /home/szymon/eclipse/plugins/fr.ac6.mcu.externaltools.arm-none.linux64_1.13.1.201703061524/tools/compiler/bin/../lib/gcc/arm-none-eabi/5.4.1/../../../../arm-none-eabi/lib/armv7-m/libc_nano.a(lib_a-nano-svfprintf.o) (memchr)
/home/szymon/eclipse/plugins/fr.ac6.mcu.externaltools.arm-none.linux64_1.13.1.201703061524/tools/compiler/bin/../lib/gcc/arm-none-eabi/5.4.1/../../../../arm-none-eabi/lib/armv7-m/libc_nano.a(lib_a-memcpy-stub.o)
                              /home/szymon/eclipse/plugins/fr.ac6.mcu.externaltools.arm-none.linux64_1.13.1.201703061524/tools/compiler/bin/../lib/gcc/arm-none-eabi/5.4.1/../../../../arm-none-eabi/lib/armv7-m/libc_nano.a(lib_a-nano-svfprintf.o) (memcpy)
/home/szymon/eclipse/plugins/fr.ac6.mcu.externaltools.arm-none.linux64_1.13.1.201703061524/tools/compiler/bin/../lib/gcc/arm-none-eabi/5.4.1/../../../../arm-none-eabi/lib/armv7-m/libc_nano.a(lib_a-memmove.o)
                              /home/szymon/eclipse/plugins/fr.ac6.mcu.externaltools.arm-none.linux64_1.13.1.201703061524/tools/compiler/bin/../lib/gcc/arm-none-eabi/5.4.1/../../../../arm-none-eabi/lib/armv7-m/libc_nano.a(lib_a-nano-svfprintf.o) (memmove)
/home/szymon/eclipse/plugins/fr.ac6.mcu.externaltools.arm-none.linux64_1.13.1.201703061524/tools/compiler/bin/../lib/gcc/arm-none-eabi/5.4.1/../../../../arm-none-eabi/lib/armv7-m/libc_nano.a(lib_a-nano-freer.o)
                              /home/szymon/eclipse/plugins/fr.ac6.mcu.externaltools.arm-none.linux64_1.13.1.201703061524/tools/compiler/bin/../lib/gcc/arm-none-eabi/5.4.1/../../../../arm-none-eabi/lib/armv7-m/libc_nano.a(lib_a-nano-svfprintf.o) (_free_r)
[...]
Memory Configuration

Name             Origin             Length             Attributes
RAM              0x20000000         0x0000c000         xrw
FLASH            0x08000000         0x00060000         xr
*default*        0x00000000         0xffffffff

Linker script and memory map

LOAD /home/szymon/eclipse/plugins/fr.ac6.mcu.externaltools.arm-none.linux64_1.13.1.201703061524/tools/compiler/bin/../lib/gcc/arm-none-eabi/5.4.1/armv7-m/crti.o
LOAD /home/szymon/eclipse/plugins/fr.ac6.mcu.externaltools.arm-none.linux64_1.13.1.201703061524/tools/compiler/bin/../lib/gcc/arm-none-eabi/5.4.1/armv7-m/crtbegin.o
LOAD /home/szymon/eclipse/plugins/fr.ac6.mcu.externaltools.arm-none.linux64_1.13.1.201703061524/tools/compiler/bin/../lib/gcc/arm-none-eabi/5.4.1/../../../../arm-none-eabi/lib/armv7-m/crt0.o
LOAD /home/szymon/eclipse/plugins/fr.ac6.mcu.externaltools.arm-none.linux64_1.13.1.201703061524/tools/compiler/bin/../lib/gcc/arm-none-eabi/5.4.1/../../../../arm-none-eabi/lib/armv7-m/libm.a
LOAD startup/startup_stm32l151xd.o
LOAD Src/adc.o
LOAD Src/bsp_driver_sd.o
LOAD Src/comp.o
LOAD Src/dac.o
LOAD Src/fatfs.o
LOAD Src/gpio.o
LOAD Src/main.o
LOAD Src/rtc.o
LOAD Src/sdio.o
LOAD Src/stm32l1xx_hal_msp.o
LOAD Src/stm32l1xx_it.o
LOAD Src/system_stm32l1xx.o
LOAD Src/tim.o
LOAD Src/usart.o
LOAD Middlewares/Third_Party/FatFs/src/option/syscall.o
LOAD Middlewares/Third_Party/FatFs/src/diskio.o
LOAD Middlewares/Third_Party/FatFs/src/ff.o
LOAD Middlewares/Third_Party/FatFs/src/ff_gen_drv.o
LOAD Middlewares/Third_Party/FatFs/src/drivers/sd_diskio.o
LOAD Drivers/STM32L1xx_HAL_Driver/Src/stm32l1xx_hal.o
LOAD Drivers/STM32L1xx_HAL_Driver/Src/stm32l1xx_hal_adc.o
LOAD Drivers/STM32L1xx_HAL_Driver/Src/stm32l1xx_hal_adc_ex.o
LOAD Drivers/STM32L1xx_HAL_Driver/Src/stm32l1xx_hal_comp.o
LOAD Drivers/STM32L1xx_HAL_Driver/Src/stm32l1xx_hal_cortex.o
LOAD Drivers/STM32L1xx_HAL_Driver/Src/stm32l1xx_hal_dac.o
LOAD Drivers/STM32L1xx_HAL_Driver/Src/stm32l1xx_hal_dac_ex.o
LOAD Drivers/STM32L1xx_HAL_Driver/Src/stm32l1xx_hal_dma.o
LOAD Drivers/STM32L1xx_HAL_Driver/Src/stm32l1xx_hal_flash.o
LOAD Drivers/STM32L1xx_HAL_Driver/Src/stm32l1xx_hal_flash_ex.o
LOAD Drivers/STM32L1xx_HAL_Driver/Src/stm32l1xx_hal_flash_ramfunc.o
LOAD Drivers/STM32L1xx_HAL_Driver/Src/stm32l1xx_hal_gpio.o
LOAD Drivers/STM32L1xx_HAL_Driver/Src/stm32l1xx_hal_pwr.o
LOAD Drivers/STM32L1xx_HAL_Driver/Src/stm32l1xx_hal_pwr_ex.o
LOAD Drivers/STM32L1xx_HAL_Driver/Src/stm32l1xx_hal_rcc.o
LOAD Drivers/STM32L1xx_HAL_Driver/Src/stm32l1xx_hal_rcc_ex.o
LOAD Drivers/STM32L1xx_HAL_Driver/Src/stm32l1xx_hal_rtc.o
LOAD Drivers/STM32L1xx_HAL_Driver/Src/stm32l1xx_hal_rtc_ex.o
LOAD Drivers/STM32L1xx_HAL_Driver/Src/stm32l1xx_hal_sd.o
LOAD Drivers/STM32L1xx_HAL_Driver/Src/stm32l1xx_hal_tim.o
LOAD Drivers/STM32L1xx_HAL_Driver/Src/stm32l1xx_hal_tim_ex.o
LOAD Drivers/STM32L1xx_HAL_Driver/Src/stm32l1xx_hal_uart.o
LOAD Drivers/STM32L1xx_HAL_Driver/Src/stm32l1xx_ll_sdmmc.o
START GROUP
LOAD /home/szymon/eclipse/plugins/fr.ac6.mcu.externaltools.arm-none.linux64_1.13.1.201703061524/tools/compiler/bin/../lib/gcc/arm-none-eabi/5.4.1/armv7-m/libgcc.a
LOAD /home/szymon/eclipse/plugins/fr.ac6.mcu.externaltools.arm-none.linux64_1.13.1.201703061524/tools/compiler/bin/../lib/gcc/arm-none-eabi/5.4.1/../../../../arm-none-eabi/lib/armv7-m/libc_nano.a
END GROUP
START GROUP
LOAD /home/szymon/eclipse/plugins/fr.ac6.mcu.externaltools.arm-none.linux64_1.13.1.201703061524/tools/compiler/bin/../lib/gcc/arm-none-eabi/5.4.1/armv7-m/libgcc.a
LOAD /home/szymon/eclipse/plugins/fr.ac6.mcu.externaltools.arm-none.linux64_1.13.1.201703061524/tools/compiler/bin/../lib/gcc/arm-none-eabi/5.4.1/../../../../arm-none-eabi/lib/armv7-m/libc_nano.a
LOAD /home/szymon/eclipse/plugins/fr.ac6.mcu.externaltools.arm-none.linux64_1.13.1.201703061524/tools/compiler/bin/../lib/gcc/arm-none-eabi/5.4.1/../../../../arm-none-eabi/lib/armv7-m/libnosys.a
END GROUP
START GROUP
LOAD /home/szymon/eclipse/plugins/fr.ac6.mcu.externaltools.arm-none.linux64_1.13.1.201703061524/tools/compiler/bin/../lib/gcc/arm-none-eabi/5.4.1/armv7-m/libgcc.a
LOAD /home/szymon/eclipse/plugins/fr.ac6.mcu.externaltools.arm-none.linux64_1.13.1.201703061524/tools/compiler/bin/../lib/gcc/arm-none-eabi/5.4.1/../../../../arm-none-eabi/lib/armv7-m/libc_nano.a
LOAD /home/szymon/eclipse/plugins/fr.ac6.mcu.externaltools.arm-none.linux64_1.13.1.201703061524/tools/compiler/bin/../lib/gcc/arm-none-eabi/5.4.1/../../../../arm-none-eabi/lib/armv7-m/libnosys.a
END GROUP
LOAD /home/szymon/eclipse/plugins/fr.ac6.mcu.externaltools.arm-none.linux64_1.13.1.201703061524/tools/compiler/bin/../lib/gcc/arm-none-eabi/5.4.1/armv7-m/crtend.o
LOAD /home/szymon/eclipse/plugins/fr.ac6.mcu.externaltools.arm-none.linux64_1.13.1.201703061524/tools/compiler/bin/../lib/gcc/arm-none-eabi/5.4.1/armv7-m/crtn.o
                0x2000c000                _estack = 0x2000c000
                0x00000200                _Min_Heap_Size = 0x200
                0x00000400                _Min_Stack_Size = 0x400

.isr_vector     0x08000000      0x13c
                0x08000000                . = ALIGN (0x4)
 *(.isr_vector)
 .isr_vector    0x08000000      0x13c startup/startup_stm32l151xd.o
                0x08000000                g_pfnVectors
                0x0800013c                . = ALIGN (0x4)

.text           0x0800013c     0x627c
                0x0800013c                . = ALIGN (0x4)
 *(.text)
 .text          0x0800013c       0x5c /home/szymon/eclipse/plugins/fr.ac6.mcu.externaltools.arm-none.linux64_1.13.1.201703061524/tools/compiler/bin/../lib/gcc/arm-none-eabi/5.4.1/armv7-m/crtbegin.o
 *(.text*)
 .text.Reset_Handler
                0x08000198       0x48 startup/startup_stm32l151xd.o
                0x08000198                Reset_Handler
 .text.Default_Handler
                0x080001e0        0x2 startup/startup_stm32l151xd.o
                0x080001e0                RTC_Alarm_IRQHandler
                0x080001e0                EXTI2_IRQHandler
                0x080001e0                COMP_ACQ_IRQHandler
                0x080001e0                TIM10_IRQHandler
                0x080001e0                USB_HP_IRQHandler
                0x080001e0                TIM6_IRQHandler
                0x080001e0                PVD_IRQHandler
                0x080001e0                SDIO_IRQHandler
                0x080001e0                EXTI3_IRQHandler
                0x080001e0                EXTI0_IRQHandler
                0x080001e0                I2C2_EV_IRQHandler
                0x080001e0                SPI1_IRQHandler
                0x080001e0                USB_FS_WKUP_IRQHandler
                0x080001e0                DMA2_Channel2_IRQHandler
                0x080001e0                DMA1_Channel4_IRQHandler
                0x080001e0                ADC1_IRQHandler
                0x080001e0                USART3_IRQHandler
                0x080001e0                DMA1_Channel7_IRQHandler
                0x080001e0                UART5_IRQHandler
                0x080001e0                TIM4_IRQHandler
                0x080001e0                DMA2_Channel1_IRQHandler
                0x080001e0                I2C1_EV_IRQHandler
                0x080001e0                DMA1_Channel6_IRQHandler
                0x080001e0                UART4_IRQHandler
                0x080001e0                DMA2_Channel4_IRQHandler
                0x080001e0                TIM3_IRQHandler
                0x080001e0                RCC_IRQHandler
                0x080001e0                DMA1_Channel1_IRQHandler
                0x080001e0                Default_Handler
                0x080001e0                TIM7_IRQHandler
                0x080001e0                TIM5_IRQHandler
                0x080001e0                EXTI9_5_IRQHandler
                0x080001e0                TIM9_IRQHandler
                0x080001e0                TAMPER_STAMP_IRQHandler
                0x080001e0                SPI2_IRQHandler
                0x080001e0                DMA2_Channel5_IRQHandler
                0x080001e0                DMA1_Channel5_IRQHandler
                0x080001e0                USB_LP_IRQHandler
                0x080001e0                EXTI4_IRQHandler
                0x080001e0                DMA1_Channel3_IRQHandler
                0x080001e0                WWDG_IRQHandler
                0x080001e0                TIM2_IRQHandler
                0x080001e0                DAC_IRQHandler
                0x080001e0                EXTI1_IRQHandler
                0x080001e0                TIM11_IRQHandler
                0x080001e0                USART2_IRQHandler
                0x080001e0                I2C2_ER_IRQHandler
                0x080001e0                DMA1_Channel2_IRQHandler
                0x080001e0                FLASH_IRQHandler
                0x080001e0                USART1_IRQHandler
                0x080001e0                SPI3_IRQHandler
                0x080001e0                I2C1_ER_IRQHandler
                0x080001e0                DMA2_Channel3_IRQHandler
 *fill*         0x080001e2        0x2 
 .text.MX_ADC_Init
                0x080001e4       0x68 Src/adc.o
                0x080001e4                MX_ADC_Init
 .text.HAL_ADC_MspInit
                0x0800024c       0x48 Src/adc.o
                0x0800024c                HAL_ADC_MspInit
 .text.BSP_SD_ReadBlocks
                0x08000294       0x28 Src/bsp_driver_sd.o
                0x08000294                BSP_SD_ReadBlocks
 .text.BSP_SD_WriteBlocks
                0x080002bc       0x28 Src/bsp_driver_sd.o
                0x080002bc                BSP_SD_WriteBlocks
 .text.BSP_SD_GetStatus
                0x080002e4       0x10 Src/bsp_driver_sd.o
                0x080002e4                BSP_SD_GetStatus
 .text.BSP_SD_GetCardInfo
                0x080002f4       0x10 Src/bsp_driver_sd.o
                0x080002f4                BSP_SD_GetCardInfo
 .text.BSP_SD_IsDetected
                0x08000304       0x10 Src/bsp_driver_sd.o
                0x08000304                BSP_SD_IsDetected
 .text.BSP_SD_Init
                0x08000314       0x20 Src/bsp_driver_sd.o
                0x08000314                BSP_SD_Init
 .text.MX_COMP2_Init
                0x08000334       0x40 Src/comp.o
                0x08000334                MX_COMP2_Init
 .text.HAL_COMP_MspInit
                0x08000374       0x40 Src/comp.o
                0x08000374                HAL_COMP_MspInit
 .text.MX_DAC_Init
                0x080003b4       0x44 Src/dac.o
                0x080003b4                MX_DAC_Init
 .text.HAL_DAC_MspInit
                0x080003f8       0x48 Src/dac.o
                0x080003f8                HAL_DAC_MspInit
 .text.MX_FATFS_Init
                0x08000440       0x1c Src/fatfs.o
                0x08000440                MX_FATFS_Init
 .text.get_fattime
                0x0800045c        0x4 Src/fatfs.o
                0x0800045c                get_fattime
 .text.MX_GPIO_Init
                0x08000460      0x134 Src/gpio.o
                0x08000460                MX_GPIO_Init
 .text.delay_us
                0x08000594       0x34 Src/main.o
 .text.WriteToSD
                0x080005c8       0xc4 Src/main.o
 .text.HAL_GPIO_EXTI_Callback
                0x0800068c       0x34 Src/main.o
                0x0800068c                HAL_GPIO_EXTI_Callback
 .text.HAL_COMP_TriggerCallback
                0x080006c0       0x24 Src/main.o
                0x080006c0                HAL_COMP_TriggerCallback
 .text.HAL_RTCEx_WakeUpTimerEventCallback
                0x080006e4       0x1c Src/main.o
                0x080006e4                HAL_RTCEx_WakeUpTimerEventCallback
 .text._Error_Handler
                0x08000700        0x4 Src/main.o
                0x08000700                _Error_Handler
 .text.SystemClock_Config
                0x08000704       0xbc Src/main.o
                0x08000704                SystemClock_Config
 .text.main     0x080007c0      0x234 Src/main.o
                0x080007c0                main
 .text.MX_RTC_Init
                0x080009f4       0xb8 Src/rtc.o
                0x080009f4                MX_RTC_Init
 .text.HAL_RTC_MspInit
                0x08000aac       0x3c Src/rtc.o
                0x08000aac                HAL_RTC_MspInit
 .text.StringToUint8
                0x08000ae8       0x38 Src/rtc.o
                0x08000ae8                StringToUint8
 .text.RTC_SetCompilationTime
                0x08000b20       0x60 Src/rtc.o
                0x08000b20                RTC_SetCompilationTime
 .text.MX_SDIO_SD_Init
                0x08000b80       0x20 Src/sdio.o
                0x08000b80                MX_SDIO_SD_Init
 .text.HAL_SD_MspInit
                0x08000ba0       0x68 Src/sdio.o
                0x08000ba0                HAL_SD_MspInit
 .text.HAL_MspInit
                0x08000c08       0xa0 Src/stm32l1xx_hal_msp.o
                0x08000c08                HAL_MspInit
 .text.NMI_Handler
                0x08000ca8        0x4 Src/stm32l1xx_it.o
                0x08000ca8                NMI_Handler
 .text.HardFault_Handler
                0x08000cac        0x4 Src/stm32l1xx_it.o
                0x08000cac                HardFault_Handler
 .text.MemManage_Handler
                0x08000cb0        0x4 Src/stm32l1xx_it.o
                0x08000cb0                MemManage_Handler
 .text.BusFault_Handler
                0x08000cb4        0x4 Src/stm32l1xx_it.o
                0x08000cb4                BusFault_Handler
 .text.UsageFault_Handler
                0x08000cb8        0x4 Src/stm32l1xx_it.o
                0x08000cb8                UsageFault_Handler
 .text.SVC_Handler
                0x08000cbc        0x4 Src/stm32l1xx_it.o
                0x08000cbc                SVC_Handler
 .text.DebugMon_Handler
                0x08000cc0        0x4 Src/stm32l1xx_it.o
                0x08000cc0                DebugMon_Handler
 .text.PendSV_Handler
                0x08000cc4        0x4 Src/stm32l1xx_it.o
                0x08000cc4                PendSV_Handler
 .text.SysTick_Handler
                0x08000cc8        0xc Src/stm32l1xx_it.o
                0x08000cc8                SysTick_Handler
 .text.RTC_WKUP_IRQHandler
                0x08000cd4       0x10 Src/stm32l1xx_it.o
                0x08000cd4                RTC_WKUP_IRQHandler
 .text.COMP_IRQHandler
                0x08000ce4       0x10 Src/stm32l1xx_it.o
                0x08000ce4                COMP_IRQHandler
 .text.EXTI15_10_IRQHandler
                0x08000cf4       0x1c Src/stm32l1xx_it.o
                0x08000cf4                EXTI15_10_IRQHandler
 .text.SystemInit
                0x08000d10       0x48 Src/system_stm32l1xx.o
                0x08000d10                SystemInit
 .text.MX_TIM7_Init
                0x08000d58       0x50 Src/tim.o
                0x08000d58                MX_TIM7_Init
 .text.HAL_TIM_Base_MspInit
                0x08000da8       0x28 Src/tim.o
                0x08000da8                HAL_TIM_Base_MspInit
 .text.MX_USART2_UART_Init
                0x08000dd0       0x3c Src/usart.o
                0x08000dd0                MX_USART2_UART_Init
 .text.HAL_UART_MspInit
                0x08000e0c       0x50 Src/usart.o
                0x08000e0c                HAL_UART_MspInit
 .text.disk_status
                0x08000e5c       0x18 Middlewares/Third_Party/FatFs/src/diskio.o
                0x08000e5c                disk_status
 .text.disk_initialize
                0x08000e74       0x28 Middlewares/Third_Party/FatFs/src/diskio.o
                0x08000e74                disk_initialize
 .text.disk_read
                0x08000e9c       0x18 Middlewares/Third_Party/FatFs/src/diskio.o
                0x08000e9c                disk_read
 .text.disk_write
                0x08000eb4       0x18 Middlewares/Third_Party/FatFs/src/diskio.o
                0x08000eb4                disk_write
 .text.disk_ioctl
                0x08000ecc       0x18 Middlewares/Third_Party/FatFs/src/diskio.o
                0x08000ecc                disk_ioctl
 .text.mem_cpy  0x08000ee4       0x14 Middlewares/Third_Party/FatFs/src/ff.o
 .text.mem_set  0x08000ef8       0x10 Middlewares/Third_Party/FatFs/src/ff.o
 .text.mem_cmp  0x08000f08       0x24 Middlewares/Third_Party/FatFs/src/ff.o
 .text.chk_chr  0x08000f2c       0x10 Middlewares/Third_Party/FatFs/src/ff.o
 .text.chk_lock
                0x08000f3c       0x8c Middlewares/Third_Party/FatFs/src/ff.o
 .text.enq_lock
                0x08000fc8       0x24 Middlewares/Third_Party/FatFs/src/ff.o
 .text.inc_lock
                0x08000fec       0xd0 Middlewares/Third_Party/FatFs/src/ff.o
 .text.dec_lock
                0x080010bc       0x48 Middlewares/Third_Party/FatFs/src/ff.o
 .text.clear_lock
                0x08001104       0x30 Middlewares/Third_Party/FatFs/src/ff.o
 .text.clmt_clust
                0x08001134       0x2c Middlewares/Third_Party/FatFs/src/ff.o
 .text.ld_clust
                0x08001160       0x20 Middlewares/Third_Party/FatFs/src/ff.o
 .text.st_clust
                0x08001180       0x14 Middlewares/Third_Party/FatFs/src/ff.o
 .text.create_name
                0x08001194      0x118 Middlewares/Third_Party/FatFs/src/ff.o
 .text.get_ldnumber
                0x080012ac       0x54 Middlewares/Third_Party/FatFs/src/ff.o
 .text.sync_window
                0x08001300       0x64 Middlewares/Third_Party/FatFs/src/ff.o
 .text.move_window
                0x08001364       0x38 Middlewares/Third_Party/FatFs/src/ff.o
 .text.check_fs
                0x0800139c       0x94 Middlewares/Third_Party/FatFs/src/ff.o
 .text.validate
                0x08001430       0x44 Middlewares/Third_Party/FatFs/src/ff.o
 .text.find_volume
                0x08001474      0x384 Middlewares/Third_Party/FatFs/src/ff.o
 .text.sync_fs  0x080017f8       0xc4 Middlewares/Third_Party/FatFs/src/ff.o
 .text.clust2sect
                0x080018bc       0x20 Middlewares/Third_Party/FatFs/src/ff.o
                0x080018bc                clust2sect
 .text.get_fat  0x080018dc       0xe0 Middlewares/Third_Party/FatFs/src/ff.o
                0x080018dc                get_fat
 .text.dir_sdi  0x080019bc       0xb4 Middlewares/Third_Party/FatFs/src/ff.o
 .text.put_fat  0x08001a70      0x120 Middlewares/Third_Party/FatFs/src/ff.o
                0x08001a70                put_fat
 .text.create_chain
                0x08001b90       0xcc Middlewares/Third_Party/FatFs/src/ff.o
 .text.dir_next
                0x08001c5c      0x158 Middlewares/Third_Party/FatFs/src/ff.o
 .text.dir_find
                0x08001db4       0x54 Middlewares/Third_Party/FatFs/src/ff.o
 .text.follow_path
                0x08001e08       0x8c Middlewares/Third_Party/FatFs/src/ff.o
 .text.dir_alloc
                0x08001e94       0x50 Middlewares/Third_Party/FatFs/src/ff.o
 .text.dir_register
                0x08001ee4       0x48 Middlewares/Third_Party/FatFs/src/ff.o
 .text.remove_chain
                0x08001f2c       0x74 Middlewares/Third_Party/FatFs/src/ff.o
 .text.f_mount  0x08001fa0       0x64 Middlewares/Third_Party/FatFs/src/ff.o
                0x08001fa0                f_mount
 .text.f_open   0x08002004      0x1b4 Middlewares/Third_Party/FatFs/src/ff.o
                0x08002004                f_open
 .text.f_write  0x080021b8      0x208 Middlewares/Third_Party/FatFs/src/ff.o
                0x080021b8                f_write
 .text.f_sync   0x080023c0       0xc4 Middlewares/Third_Party/FatFs/src/ff.o
                0x080023c0                f_sync
 .text.f_close  0x08002484       0x2c Middlewares/Third_Party/FatFs/src/ff.o
                0x08002484                f_close
 .text.f_lseek  0x080024b0      0x334 Middlewares/Third_Party/FatFs/src/ff.o
                0x080024b0                f_lseek
 .text.FATFS_LinkDriverEx
                0x080027e4       0x4c Middlewares/Third_Party/FatFs/src/ff_gen_drv.o
                0x080027e4                FATFS_LinkDriverEx
 .text.FATFS_LinkDriver
                0x08002830        0xc Middlewares/Third_Party/FatFs/src/ff_gen_drv.o
                0x08002830                FATFS_LinkDriver
 .text.SD_initialize
                0x0800283c       0x24 Middlewares/Third_Party/FatFs/src/drivers/sd_diskio.o
                0x0800283c                SD_initialize
 .text.SD_status
                0x08002860       0x24 Middlewares/Third_Party/FatFs/src/drivers/sd_diskio.o
                0x08002860                SD_status
 .text.SD_read  0x08002884       0x20 Middlewares/Third_Party/FatFs/src/drivers/sd_diskio.o
                0x08002884                SD_read
 .text.SD_write
                0x080028a4       0x20 Middlewares/Third_Party/FatFs/src/drivers/sd_diskio.o
                0x080028a4                SD_write
 .text.SD_ioctl
                0x080028c4       0x5c Middlewares/Third_Party/FatFs/src/drivers/sd_diskio.o
                0x080028c4                SD_ioctl
 .text.HAL_InitTick
                0x08002920       0x2c Drivers/STM32L1xx_HAL_Driver/Src/stm32l1xx_hal.o
                0x08002920                HAL_InitTick
 .text.HAL_Init
                0x0800294c       0x18 Drivers/STM32L1xx_HAL_Driver/Src/stm32l1xx_hal.o
                0x0800294c                HAL_Init
 .text.HAL_IncTick
                0x08002964       0x10 Drivers/STM32L1xx_HAL_Driver/Src/stm32l1xx_hal.o
                0x08002964                HAL_IncTick
 .text.HAL_GetTick
                0x08002974        0xc Drivers/STM32L1xx_HAL_Driver/Src/stm32l1xx_hal.o
                0x08002974                HAL_GetTick
 .text.HAL_Delay
                0x08002980       0x1c Drivers/STM32L1xx_HAL_Driver/Src/stm32l1xx_hal.o
                0x08002980                HAL_Delay
 .text.HAL_ADC_Init
                0x0800299c      0x190 Drivers/STM32L1xx_HAL_Driver/Src/stm32l1xx_hal_adc.o
                0x0800299c                HAL_ADC_Init
 .text.HAL_ADC_PollForConversion
                0x08002b2c       0xbc Drivers/STM32L1xx_HAL_Driver/Src/stm32l1xx_hal_adc.o
                0x08002b2c                HAL_ADC_PollForConversion
 .text.HAL_ADC_GetValue
                0x08002be8        0x8 Drivers/STM32L1xx_HAL_Driver/Src/stm32l1xx_hal_adc.o
                0x08002be8                HAL_ADC_GetValue
 .text.HAL_ADC_ConfigChannel
                0x08002bf0      0x1a8 Drivers/STM32L1xx_HAL_Driver/Src/stm32l1xx_hal_adc.o
                0x08002bf0                HAL_ADC_ConfigChannel
 .text.ADC_Enable
                0x08002d98       0x84 Drivers/STM32L1xx_HAL_Driver/Src/stm32l1xx_hal_adc.o
                0x08002d98                ADC_Enable
 .text.HAL_ADC_Start
                0x08002e1c       0x84 Drivers/STM32L1xx_HAL_Driver/Src/stm32l1xx_hal_adc.o
                0x08002e1c                HAL_ADC_Start
 .text.HAL_COMP_Init
                0x08002ea0      0x128 Drivers/STM32L1xx_HAL_Driver/Src/stm32l1xx_hal_comp.o
                0x08002ea0                HAL_COMP_Init
 .text.HAL_COMP_Start
                0x08002fc8       0x7c Drivers/STM32L1xx_HAL_Driver/Src/stm32l1xx_hal_comp.o
                0x08002fc8                HAL_COMP_Start
 .text.HAL_COMP_Start_IT
                0x08003044       0x6c Drivers/STM32L1xx_HAL_Driver/Src/stm32l1xx_hal_comp.o
                0x08003044                HAL_COMP_Start_IT
 .text.HAL_COMP_IRQHandler
                0x080030b0       0x30 Drivers/STM32L1xx_HAL_Driver/Src/stm32l1xx_hal_comp.o
                0x080030b0                HAL_COMP_IRQHandler
 .text.HAL_NVIC_SetPriorityGrouping
                0x080030e0       0x24 Drivers/STM32L1xx_HAL_Driver/Src/stm32l1xx_hal_cortex.o
                0x080030e0                HAL_NVIC_SetPriorityGrouping
 .text.HAL_NVIC_SetPriority
                0x08003104       0x64 Drivers/STM32L1xx_HAL_Driver/Src/stm32l1xx_hal_cortex.o
                0x08003104                HAL_NVIC_SetPriority
 .text.HAL_NVIC_EnableIRQ
                0x08003168       0x18 Drivers/STM32L1xx_HAL_Driver/Src/stm32l1xx_hal_cortex.o
                0x08003168                HAL_NVIC_EnableIRQ
 .text.HAL_SYSTICK_Config
                0x08003180       0x2c Drivers/STM32L1xx_HAL_Driver/Src/stm32l1xx_hal_cortex.o
                0x08003180                HAL_SYSTICK_Config
 .text.HAL_SYSTICK_CLKSourceConfig
                0x080031ac       0x20 Drivers/STM32L1xx_HAL_Driver/Src/stm32l1xx_hal_cortex.o
                0x080031ac                HAL_SYSTICK_CLKSourceConfig
 .text.HAL_SYSTICK_Callback
                0x080031cc        0x4 Drivers/STM32L1xx_HAL_Driver/Src/stm32l1xx_hal_cortex.o
                0x080031cc                HAL_SYSTICK_Callback
 .text.HAL_SYSTICK_IRQHandler
                0x080031d0        0x8 Drivers/STM32L1xx_HAL_Driver/Src/stm32l1xx_hal_cortex.o
                0x080031d0                HAL_SYSTICK_IRQHandler
 .text.HAL_DAC_Init
                0x080031d8       0x28 Drivers/STM32L1xx_HAL_Driver/Src/stm32l1xx_hal_dac.o
                0x080031d8                HAL_DAC_Init
 .text.HAL_DAC_Start
                0x08003200       0x5c Drivers/STM32L1xx_HAL_Driver/Src/stm32l1xx_hal_dac.o
                0x08003200                HAL_DAC_Start
 .text.HAL_DAC_ConfigChannel
                0x0800325c       0x4c Drivers/STM32L1xx_HAL_Driver/Src/stm32l1xx_hal_dac.o
                0x0800325c                HAL_DAC_ConfigChannel
 .text.HAL_DAC_SetValue
                0x080032a8       0x2c Drivers/STM32L1xx_HAL_Driver/Src/stm32l1xx_hal_dac.o
                0x080032a8                HAL_DAC_SetValue
 .text.HAL_GPIO_Init
                0x080032d4      0x1ac Drivers/STM32L1xx_HAL_Driver/Src/stm32l1xx_hal_gpio.o
                0x080032d4                HAL_GPIO_Init
 .text.HAL_GPIO_WritePin
                0x08003480        0xc Drivers/STM32L1xx_HAL_Driver/Src/stm32l1xx_hal_gpio.o
                0x08003480                HAL_GPIO_WritePin
 .text.HAL_GPIO_TogglePin
                0x0800348c        0x8 Drivers/STM32L1xx_HAL_Driver/Src/stm32l1xx_hal_gpio.o
                0x0800348c                HAL_GPIO_TogglePin
 .text.HAL_GPIO_EXTI_IRQHandler
                0x08003494       0x18 Drivers/STM32L1xx_HAL_Driver/Src/stm32l1xx_hal_gpio.o
                0x08003494                HAL_GPIO_EXTI_IRQHandler
 .text.RCC_SetFlashLatencyFromMSIRange
                0x080034ac       0x98 Drivers/STM32L1xx_HAL_Driver/Src/stm32l1xx_hal_rcc.o
 .text.HAL_RCC_OscConfig
                0x08003544      0x7a0 Drivers/STM32L1xx_HAL_Driver/Src/stm32l1xx_hal_rcc.o
                0x08003544                HAL_RCC_OscConfig
 .text.HAL_RCC_GetSysClockFreq
                0x08003ce4       0xa0 Drivers/STM32L1xx_HAL_Driver/Src/stm32l1xx_hal_rcc.o
                0x08003ce4                HAL_RCC_GetSysClockFreq
 .text.HAL_RCC_ClockConfig
                0x08003d84      0x25c Drivers/STM32L1xx_HAL_Driver/Src/stm32l1xx_hal_rcc.o
                0x08003d84                HAL_RCC_ClockConfig
 .text.HAL_RCC_GetHCLKFreq
                0x08003fe0        0xc Drivers/STM32L1xx_HAL_Driver/Src/stm32l1xx_hal_rcc.o
                0x08003fe0                HAL_RCC_GetHCLKFreq
 .text.HAL_RCC_GetPCLK1Freq
                0x08003fec       0x30 Drivers/STM32L1xx_HAL_Driver/Src/stm32l1xx_hal_rcc.o
                0x08003fec                HAL_RCC_GetPCLK1Freq
 .text.HAL_RCC_GetPCLK2Freq
                0x0800401c       0x30 Drivers/STM32L1xx_HAL_Driver/Src/stm32l1xx_hal_rcc.o
                0x0800401c                HAL_RCC_GetPCLK2Freq
 .text.HAL_RCCEx_PeriphCLKConfig
                0x0800404c      0x170 Drivers/STM32L1xx_HAL_Driver/Src/stm32l1xx_hal_rcc_ex.o
                0x0800404c                HAL_RCCEx_PeriphCLKConfig
 .text.RTC_EnterInitMode
                0x080041bc       0x40 Drivers/STM32L1xx_HAL_Driver/Src/stm32l1xx_hal_rtc.o
                0x080041bc                RTC_EnterInitMode
 .text.HAL_RTC_Init
                0x080041fc       0xa8 Drivers/STM32L1xx_HAL_Driver/Src/stm32l1xx_hal_rtc.o
                0x080041fc                HAL_RTC_Init
 .text.RTC_ByteToBcd2
                0x080042a4       0x18 Drivers/STM32L1xx_HAL_Driver/Src/stm32l1xx_hal_rtc.o
                0x080042a4                RTC_ByteToBcd2
 .text.HAL_RTC_SetTime
                0x080042bc       0xf4 Drivers/STM32L1xx_HAL_Driver/Src/stm32l1xx_hal_rtc.o
                0x080042bc                HAL_RTC_SetTime
 .text.HAL_RTC_SetDate
                0x080043b0       0xd0 Drivers/STM32L1xx_HAL_Driver/Src/stm32l1xx_hal_rtc.o
                0x080043b0                HAL_RTC_SetDate
 .text.RTC_Bcd2ToByte
                0x08004480       0x14 Drivers/STM32L1xx_HAL_Driver/Src/stm32l1xx_hal_rtc.o
                0x08004480                RTC_Bcd2ToByte
 .text.HAL_RTC_GetDate
                0x08004494       0x44 Drivers/STM32L1xx_HAL_Driver/Src/stm32l1xx_hal_rtc.o
                0x08004494                HAL_RTC_GetDate
 .text.HAL_RTC_GetTime
                0x080044d8       0x54 Drivers/STM32L1xx_HAL_Driver/Src/stm32l1xx_hal_rtc_ex.o
                0x080044d8                HAL_RTC_GetTime
 .text.HAL_RTC_WaitForSynchro
                0x0800452c       0x40 Drivers/STM32L1xx_HAL_Driver/Src/stm32l1xx_hal_rtc_ex.o
                0x0800452c                HAL_RTC_WaitForSynchro
 .text.HAL_RTCEx_SetWakeUpTimer_IT
                0x0800456c       0xf0 Drivers/STM32L1xx_HAL_Driver/Src/stm32l1xx_hal_rtc_ex.o
                0x0800456c                HAL_RTCEx_SetWakeUpTimer_IT
 .text.HAL_RTCEx_WakeUpTimerIRQHandler
                0x0800465c       0x30 Drivers/STM32L1xx_HAL_Driver/Src/stm32l1xx_hal_rtc_ex.o
                0x0800465c                HAL_RTCEx_WakeUpTimerIRQHandler
 .text.HAL_RTCEx_BKUPWrite
                0x0800468c        0xc Drivers/STM32L1xx_HAL_Driver/Src/stm32l1xx_hal_rtc_ex.o
                0x0800468c                HAL_RTCEx_BKUPWrite
 .text.HAL_RTCEx_BKUPRead
                0x08004698        0xc Drivers/STM32L1xx_HAL_Driver/Src/stm32l1xx_hal_rtc_ex.o
                0x08004698                HAL_RTCEx_BKUPRead
 .text.SD_CmdError
                0x080046a4       0x2c Drivers/STM32L1xx_HAL_Driver/Src/stm32l1xx_hal_sd.o
 .text.SD_CmdResp7Error
                0x080046d0       0x50 Drivers/STM32L1xx_HAL_Driver/Src/stm32l1xx_hal_sd.o
 .text.SD_CmdResp3Error
                0x08004720       0x24 Drivers/STM32L1xx_HAL_Driver/Src/stm32l1xx_hal_sd.o
 .text.SD_CmdResp2Error
                0x08004744       0x34 Drivers/STM32L1xx_HAL_Driver/Src/stm32l1xx_hal_sd.o
 .text.SD_CmdResp1Error
                0x08004778      0x118 Drivers/STM32L1xx_HAL_Driver/Src/stm32l1xx_hal_sd.o
 .text.SD_PowerON
                0x08004890      0x178 Drivers/STM32L1xx_HAL_Driver/Src/stm32l1xx_hal_sd.o
 .text.SD_Select_Deselect
                0x08004a08       0x30 Drivers/STM32L1xx_HAL_Driver/Src/stm32l1xx_hal_sd.o
 .text.SD_SendStatus
                0x08004a38       0x48 Drivers/STM32L1xx_HAL_Driver/Src/stm32l1xx_hal_sd.o
 .text.SD_GetState
                0x08004a80       0x24 Drivers/STM32L1xx_HAL_Driver/Src/stm32l1xx_hal_sd.o
 .text.SD_CmdResp6Error
                0x08004aa4       0x7c Drivers/STM32L1xx_HAL_Driver/Src/stm32l1xx_hal_sd.o
 .text.SD_IsCardProgramming
                0x08004b20      0x174 Drivers/STM32L1xx_HAL_Driver/Src/stm32l1xx_hal_sd.o
 .text.SD_Initialize_Cards
                0x08004c94       0xf0 Drivers/STM32L1xx_HAL_Driver/Src/stm32l1xx_hal_sd.o
 .text.HAL_SD_Get_CardInfo
                0x08004d84      0x2b4 Drivers/STM32L1xx_HAL_Driver/Src/stm32l1xx_hal_sd.o
                0x08004d84                HAL_SD_Get_CardInfo
 .text.HAL_SD_Init
                0x08005038       0xb8 Drivers/STM32L1xx_HAL_Driver/Src/stm32l1xx_hal_sd.o
                0x08005038                HAL_SD_Init
 .text.HAL_SD_StopTransfer
                0x080050f0       0x30 Drivers/STM32L1xx_HAL_Driver/Src/stm32l1xx_hal_sd.o
                0x080050f0                HAL_SD_StopTransfer
 .text.HAL_SD_ReadBlocks
                0x08005120      0x1b0 Drivers/STM32L1xx_HAL_Driver/Src/stm32l1xx_hal_sd.o
                0x08005120                HAL_SD_ReadBlocks
 .text.HAL_SD_WriteBlocks
                0x080052d0      0x234 Drivers/STM32L1xx_HAL_Driver/Src/stm32l1xx_hal_sd.o
                0x080052d0                HAL_SD_WriteBlocks
 .text.HAL_SD_GetStatus
                0x08005504       0x1c Drivers/STM32L1xx_HAL_Driver/Src/stm32l1xx_hal_sd.o
                0x08005504                HAL_SD_GetStatus
 .text.TIM_Base_SetConfig
                0x08005520       0x80 Drivers/STM32L1xx_HAL_Driver/Src/stm32l1xx_hal_tim.o
 .text.HAL_TIM_Base_Init
                0x080055a0       0x38 Drivers/STM32L1xx_HAL_Driver/Src/stm32l1xx_hal_tim.o
                0x080055a0                HAL_TIM_Base_Init
 .text.HAL_TIMEx_MasterConfigSynchronization
                0x080055d8       0x54 Drivers/STM32L1xx_HAL_Driver/Src/stm32l1xx_hal_tim_ex.o
                0x080055d8                HAL_TIMEx_MasterConfigSynchronization
 .text.UART_SetConfig
                0x0800562c      0x314 Drivers/STM32L1xx_HAL_Driver/Src/stm32l1xx_hal_uart.o
 .text.HAL_UART_Init
                0x08005940       0x60 Drivers/STM32L1xx_HAL_Driver/Src/stm32l1xx_hal_uart.o
                0x08005940                HAL_UART_Init
 .text.HAL_UART_Transmit_IT
                0x080059a0       0x68 Drivers/STM32L1xx_HAL_Driver/Src/stm32l1xx_hal_uart.o
                0x080059a0                HAL_UART_Transmit_IT
 .text.SDIO_Init
                0x08005a08       0x34 Drivers/STM32L1xx_HAL_Driver/Src/stm32l1xx_ll_sdmmc.o
                0x08005a08                SDIO_Init
 .text.SDIO_ReadFIFO
                0x08005a3c        0x8 Drivers/STM32L1xx_HAL_Driver/Src/stm32l1xx_ll_sdmmc.o
                0x08005a3c                SDIO_ReadFIFO
 .text.SDIO_WriteFIFO
                0x08005a44        0xc Drivers/STM32L1xx_HAL_Driver/Src/stm32l1xx_ll_sdmmc.o
                0x08005a44                SDIO_WriteFIFO
 .text.SDIO_PowerState_ON
                0x08005a50        0x8 Drivers/STM32L1xx_HAL_Driver/Src/stm32l1xx_ll_sdmmc.o
                0x08005a50                SDIO_PowerState_ON
 .text.SDIO_GetPowerState
                0x08005a58        0x8 Drivers/STM32L1xx_HAL_Driver/Src/stm32l1xx_ll_sdmmc.o
                0x08005a58                SDIO_GetPowerState
 .text.SDIO_SendCommand
                0x08005a60       0x28 Drivers/STM32L1xx_HAL_Driver/Src/stm32l1xx_ll_sdmmc.o
                0x08005a60                SDIO_SendCommand
 .text.SDIO_GetCommandResponse
                0x08005a88        0x8 Drivers/STM32L1xx_HAL_Driver/Src/stm32l1xx_ll_sdmmc.o
                0x08005a88                SDIO_GetCommandResponse
 .text.SDIO_GetResponse
                0x08005a90       0x18 Drivers/STM32L1xx_HAL_Driver/Src/stm32l1xx_ll_sdmmc.o
                0x08005a90                SDIO_GetResponse
 .text.SDIO_DataConfig
                0x08005aa8       0x24 Drivers/STM32L1xx_HAL_Driver/Src/stm32l1xx_ll_sdmmc.o
                0x08005aa8                SDIO_DataConfig
 .text.__libc_init_array
                0x08005acc       0x4c /home/szymon/eclipse/plugins/fr.ac6.mcu.externaltools.arm-none.linux64_1.13.1.201703061524/tools/compiler/bin/../lib/gcc/arm-none-eabi/5.4.1/../../../../arm-none-eabi/lib/armv7-m/libc_nano.a(lib_a-init.o)
                0x08005acc                __libc_init_array
 .text.memset   0x08005b18       0x10 /home/szymon/eclipse/plugins/fr.ac6.mcu.externaltools.arm-none.linux64_1.13.1.201703061524/tools/compiler/bin/../lib/gcc/arm-none-eabi/5.4.1/../../../../arm-none-eabi/lib/armv7-m/libc_nano.a(lib_a-memset.o)
                0x08005b18                memset
 .text.sprintf  0x08005b28       0x48 /home/szymon/eclipse/plugins/fr.ac6.mcu.externaltools.arm-none.linux64_1.13.1.201703061524/tools/compiler/bin/../lib/gcc/arm-none-eabi/5.4.1/../../../../arm-none-eabi/lib/armv7-m/libc_nano.a(lib_a-sprintf.o)
                0x08005b28                sprintf
                0x08005b28                siprintf
 .text.__ssputs_r
                0x08005b70       0xb2 /home/szymon/eclipse/plugins/fr.ac6.mcu.externaltools.arm-none.linux64_1.13.1.201703061524/tools/compiler/bin/../lib/gcc/arm-none-eabi/5.4.1/../../../../arm-none-eabi/lib/armv7-m/libc_nano.a(lib_a-nano-svfprintf.o)
                0x08005b70                __ssputs_r
 *fill*         0x08005c22        0x2 
 .text._svfprintf_r
                0x08005c24      0x1e8 /home/szymon/eclipse/plugins/fr.ac6.mcu.externaltools.arm-none.linux64_1.13.1.201703061524/tools/compiler/bin/../lib/gcc/arm-none-eabi/5.4.1/../../../../arm-none-eabi/lib/armv7-m/libc_nano.a(lib_a-nano-svfprintf.o)
                0x08005c24                _svfprintf_r
                0x08005c24                _svfiprintf_r
 .text._printf_common
                0x08005e0c       0xec /home/szymon/eclipse/plugins/fr.ac6.mcu.externaltools.arm-none.linux64_1.13.1.201703061524/tools/compiler/bin/../lib/gcc/arm-none-eabi/5.4.1/../../../../arm-none-eabi/lib/armv7-m/libc_nano.a(lib_a-nano-vfprintf_i.o)
                0x08005e0c                _printf_common
 .text._printf_i
                0x08005ef8      0x24c /home/szymon/eclipse/plugins/fr.ac6.mcu.externaltools.arm-none.linux64_1.13.1.201703061524/tools/compiler/bin/../lib/gcc/arm-none-eabi/5.4.1/../../../../arm-none-eabi/lib/armv7-m/libc_nano.a(lib_a-nano-vfprintf_i.o)
                0x08005ef8                _printf_i
 .text.memchr   0x08006144       0x1c /home/szymon/eclipse/plugins/fr.ac6.mcu.externaltools.arm-none.linux64_1.13.1.201703061524/tools/compiler/bin/../lib/gcc/arm-none-eabi/5.4.1/../../../../arm-none-eabi/lib/armv7-m/libc_nano.a(lib_a-memchr-stub.o)
                0x08006144                memchr
 .text.memcpy   0x08006160       0x16 /home/szymon/eclipse/plugins/fr.ac6.mcu.externaltools.arm-none.linux64_1.13.1.201703061524/tools/compiler/bin/../lib/gcc/arm-none-eabi/5.4.1/../../../../arm-none-eabi/lib/armv7-m/libc_nano.a(lib_a-memcpy-stub.o)
                0x08006160                memcpy
 .text.memmove  0x08006176       0x36 /home/szymon/eclipse/plugins/fr.ac6.mcu.externaltools.arm-none.linux64_1.13.1.201703061524/tools/compiler/bin/../lib/gcc/arm-none-eabi/5.4.1/../../../../arm-none-eabi/lib/armv7-m/libc_nano.a(lib_a-memmove.o)
                0x08006176                memmove
 .text._free_r  0x080061ac       0x98 /home/szymon/eclipse/plugins/fr.ac6.mcu.externaltools.arm-none.linux64_1.13.1.201703061524/tools/compiler/bin/../lib/gcc/arm-none-eabi/5.4.1/../../../../arm-none-eabi/lib/armv7-m/libc_nano.a(lib_a-nano-freer.o)
                0x080061ac                _free_r
 .text._malloc_r
                0x08006244       0xbc /home/szymon/eclipse/plugins/fr.ac6.mcu.externaltools.arm-none.linux64_1.13.1.201703061524/tools/compiler/bin/../lib/gcc/arm-none-eabi/5.4.1/../../../../arm-none-eabi/lib/armv7-m/libc_nano.a(lib_a-nano-mallocr.o)
                0x08006244                _malloc_r
 .text._realloc_r
                0x08006300       0x4c /home/szymon/eclipse/plugins/fr.ac6.mcu.externaltools.arm-none.linux64_1.13.1.201703061524/tools/compiler/bin/../lib/gcc/arm-none-eabi/5.4.1/../../../../arm-none-eabi/lib/armv7-m/libc_nano.a(lib_a-nano-reallocr.o)
                0x08006300                _realloc_r
 .text._sbrk_r  0x0800634c       0x20 /home/szymon/eclipse/plugins/fr.ac6.mcu.externaltools.arm-none.linux64_1.13.1.201703061524/tools/compiler/bin/../lib/gcc/arm-none-eabi/5.4.1/../../../../arm-none-eabi/lib/armv7-m/libc_nano.a(lib_a-sbrkr.o)
                0x0800634c                _sbrk_r
 .text.__malloc_lock
                0x0800636c        0x2 /home/szymon/eclipse/plugins/fr.ac6.mcu.externaltools.arm-none.linux64_1.13.1.201703061524/tools/compiler/bin/../lib/gcc/arm-none-eabi/5.4.1/../../../../arm-none-eabi/lib/armv7-m/libc_nano.a(lib_a-mlock.o)
                0x0800636c                __malloc_lock
 .text.__malloc_unlock
                0x0800636e        0x2 /home/szymon/eclipse/plugins/fr.ac6.mcu.externaltools.arm-none.linux64_1.13.1.201703061524/tools/compiler/bin/../lib/gcc/arm-none-eabi/5.4.1/../../../../arm-none-eabi/lib/armv7-m/libc_nano.a(lib_a-mlock.o)
                0x0800636e                __malloc_unlock
 .text._malloc_usable_size_r
                0x08006370       0x14 /home/szymon/eclipse/plugins/fr.ac6.mcu.externaltools.arm-none.linux64_1.13.1.201703061524/tools/compiler/bin/../lib/gcc/arm-none-eabi/5.4.1/../../../../arm-none-eabi/lib/armv7-m/libc_nano.a(lib_a-nano-msizer.o)
                0x08006370                _malloc_usable_size_r
 .text._sbrk    0x08006384       0x1c /home/szymon/eclipse/plugins/fr.ac6.mcu.externaltools.arm-none.linux64_1.13.1.201703061524/tools/compiler/bin/../lib/gcc/arm-none-eabi/5.4.1/../../../../arm-none-eabi/lib/armv7-m/libnosys.a(sbrk.o)
                0x08006384                _sbrk
 *(.glue_7)
 .glue_7        0x080063a0        0x0 linker stubs
 *(.glue_7t)
 .glue_7t       0x080063a0        0x0 linker stubs
 *(.eh_frame)
 .eh_frame      0x080063a0        0x0 /home/szymon/eclipse/plugins/fr.ac6.mcu.externaltools.arm-none.linux64_1.13.1.201703061524/tools/compiler/bin/../lib/gcc/arm-none-eabi/5.4.1/armv7-m/crtbegin.o
 *(.init)
 .init          0x080063a0        0x4 /home/szymon/eclipse/plugins/fr.ac6.mcu.externaltools.arm-none.linux64_1.13.1.201703061524/tools/compiler/bin/../lib/gcc/arm-none-eabi/5.4.1/armv7-m/crti.o
                0x080063a0                _init
 .init          0x080063a4        0x8 /home/szymon/eclipse/plugins/fr.ac6.mcu.externaltools.arm-none.linux64_1.13.1.201703061524/tools/compiler/bin/../lib/gcc/arm-none-eabi/5.4.1/armv7-m/crtn.o
 *(.fini)
 .fini          0x080063ac        0x4 /home/szymon/eclipse/plugins/fr.ac6.mcu.externaltools.arm-none.linux64_1.13.1.201703061524/tools/compiler/bin/../lib/gcc/arm-none-eabi/5.4.1/armv7-m/crti.o
                0x080063ac                _fini
 .fini          0x080063b0        0x8 /home/szymon/eclipse/plugins/fr.ac6.mcu.externaltools.arm-none.linux64_1.13.1.201703061524/tools/compiler/bin/../lib/gcc/arm-none-eabi/5.4.1/armv7-m/crtn.o
                0x080063b8                . = ALIGN (0x4)
                0x080063b8                _etext = .

.vfp11_veneer   0x080063b8        0x0
 .vfp11_veneer  0x080063b8        0x0 linker stubs

.v4_bx          0x080063b8        0x0
 .v4_bx         0x080063b8        0x0 linker stubs

.iplt           0x080063b8        0x0
 .iplt          0x080063b8        0x0 /home/szymon/eclipse/plugins/fr.ac6.mcu.externaltools.arm-none.linux64_1.13.1.201703061524/tools/compiler/bin/../lib/gcc/arm-none-eabi/5.4.1/armv7-m/crtbegin.o

.rodata         0x080063b8      0x268
                0x080063b8                . = ALIGN (0x4)
 *(.rodata)
 .rodata        0x080063b8       0x24 Src/system_stm32l1xx.o
                0x080063b8                PLLMulTable
                0x080063c4                AHBPrescTable
                0x080063d4                APBPrescTable
 .rodata        0x080063dc       0xae Middlewares/Third_Party/FatFs/src/ff.o
 *fill*         0x0800648a        0x2 
 .rodata        0x0800648c       0x14 Middlewares/Third_Party/FatFs/src/drivers/sd_diskio.o
                0x0800648c                SD_Driver
 *(.rodata*)
 .rodata.str1.4
                0x080064a0        0xd Src/adc.o
 *fill*         0x080064ad        0x3 
 .rodata.str1.4
                0x080064b0        0xe Src/comp.o
 *fill*         0x080064be        0x2 
 .rodata.str1.4
                0x080064c0        0xd Src/dac.o
 *fill*         0x080064cd        0x3 
 .rodata.str1.4
                0x080064d0       0x99 Src/main.o
 *fill*         0x08006569        0x3 
 .rodata.str1.4
                0x0800656c       0x19 Src/rtc.o
 *fill*         0x08006585        0x3 
 .rodata.str1.4
                0x08006588        0xd Src/tim.o
 *fill*         0x08006595        0x3 
 .rodata.str1.4
                0x08006598        0xf Src/usart.o
 *fill*         0x080065a7        0x1 
 .rodata.str1.4
                0x080065a8       0x44 Middlewares/Third_Party/FatFs/src/ff.o
 .rodata.str1.1
                0x080065ec       0x11 /home/szymon/eclipse/plugins/fr.ac6.mcu.externaltools.arm-none.linux64_1.13.1.201703061524/tools/compiler/bin/../lib/gcc/arm-none-eabi/5.4.1/../../../../arm-none-eabi/lib/armv7-m/libc_nano.a(lib_a-nano-svfprintf.o)
 .rodata.str1.1
                0x080065fd       0x22 /home/szymon/eclipse/plugins/fr.ac6.mcu.externaltools.arm-none.linux64_1.13.1.201703061524/tools/compiler/bin/../lib/gcc/arm-none-eabi/5.4.1/../../../../arm-none-eabi/lib/armv7-m/libc_nano.a(lib_a-nano-vfprintf_i.o)
                0x08006620                . = ALIGN (0x4)
 *fill*         0x0800661f        0x1 

.rel.dyn        0x08006620        0x0
 .rel.iplt      0x08006620        0x0 /home/szymon/eclipse/plugins/fr.ac6.mcu.externaltools.arm-none.linux64_1.13.1.201703061524/tools/compiler/bin/../lib/gcc/arm-none-eabi/5.4.1/armv7-m/crtbegin.o

.ARM.extab
 *(.ARM.extab* .gnu.linkonce.armextab.*)

.ARM            0x08006620        0x0
                0x08006620                __exidx_start = .
 *(.ARM.exidx*)
                0x08006620                __exidx_end = .

.preinit_array  0x08006620        0x0
                0x08006620                PROVIDE (__preinit_array_start, .)
 *(.preinit_array*)
                0x08006620                PROVIDE (__preinit_array_end, .)

.init_array     0x08006620        0x4
                0x08006620                PROVIDE (__init_array_start, .)
 *(SORT(.init_array.*))
 *(.init_array*)
 .init_array    0x08006620        0x4 /home/szymon/eclipse/plugins/fr.ac6.mcu.externaltools.arm-none.linux64_1.13.1.201703061524/tools/compiler/bin/../lib/gcc/arm-none-eabi/5.4.1/armv7-m/crtbegin.o
                0x08006624                PROVIDE (__init_array_end, .)

.fini_array     0x08006624        0x4
                [!provide]                PROVIDE (__fini_array_start, .)
 *(SORT(.fini_array.*))
 *(.fini_array*)
 .fini_array    0x08006624        0x4 /home/szymon/eclipse/plugins/fr.ac6.mcu.externaltools.arm-none.linux64_1.13.1.201703061524/tools/compiler/bin/../lib/gcc/arm-none-eabi/5.4.1/armv7-m/crtbegin.o
                [!provide]                PROVIDE (__fini_array_end, .)
                0x08006628                _sidata = LOADADDR (.data)

.data           0x20000000       0x6c load address 0x08006628
                0x20000000                . = ALIGN (0x4)
                0x20000000                _sdata = .
 *(.data)
 .data          0x20000000        0x4 Src/system_stm32l1xx.o
                0x20000000                SystemCoreClock
 .data          0x20000004        0x1 Middlewares/Third_Party/FatFs/src/drivers/sd_diskio.o
 *(.data*)
 *fill*         0x20000005        0x3 
 .data.impure_data
                0x20000008       0x60 /home/szymon/eclipse/plugins/fr.ac6.mcu.externaltools.arm-none.linux64_1.13.1.201703061524/tools/compiler/bin/../lib/gcc/arm-none-eabi/5.4.1/../../../../arm-none-eabi/lib/armv7-m/libc_nano.a(lib_a-impure.o)
 .data._impure_ptr
                0x20000068        0x4 /home/szymon/eclipse/plugins/fr.ac6.mcu.externaltools.arm-none.linux64_1.13.1.201703061524/tools/compiler/bin/../lib/gcc/arm-none-eabi/5.4.1/../../../../arm-none-eabi/lib/armv7-m/libc_nano.a(lib_a-impure.o)
                0x20000068                _impure_ptr
                0x2000006c                . = ALIGN (0x4)
                0x2000006c                _edata = .

.jcr            0x2000006c        0x0 load address 0x08006694
 .jcr           0x2000006c        0x0 /home/szymon/eclipse/plugins/fr.ac6.mcu.externaltools.arm-none.linux64_1.13.1.201703061524/tools/compiler/bin/../lib/gcc/arm-none-eabi/5.4.1/armv7-m/crtbegin.o

.igot.plt       0x2000006c        0x0 load address 0x08006694
 .igot.plt      0x2000006c        0x0 /home/szymon/eclipse/plugins/fr.ac6.mcu.externaltools.arm-none.linux64_1.13.1.201703061524/tools/compiler/bin/../lib/gcc/arm-none-eabi/5.4.1/armv7-m/crtbegin.o
                0x2000006c                . = ALIGN (0x4)

.bss            0x20000070      0x7a8 load address 0x08006694
                0x20000070                _sbss = .
                0x20000070                __bss_start__ = _sbss
 *(.bss)
 .bss           0x20000070       0x1c /home/szymon/eclipse/plugins/fr.ac6.mcu.externaltools.arm-none.linux64_1.13.1.201703061524/tools/compiler/bin/../lib/gcc/arm-none-eabi/5.4.1/armv7-m/crtbegin.o
 .bss           0x2000008c        0x3 Src/main.o
                0x2000008d                event_flag
                0x2000008e                event_type
 *fill*         0x2000008f        0x1 
 .bss           0x20000090       0x1e Middlewares/Third_Party/FatFs/src/ff.o
 *fill*         0x200000ae        0x2 
 .bss           0x200000b0        0xc Middlewares/Third_Party/FatFs/src/ff_gen_drv.o
                0x200000b0                disk
 *(.bss*)
 .bss.__malloc_sbrk_start
                0x200000bc        0x4 /home/szymon/eclipse/plugins/fr.ac6.mcu.externaltools.arm-none.linux64_1.13.1.201703061524/tools/compiler/bin/../lib/gcc/arm-none-eabi/5.4.1/../../../../arm-none-eabi/lib/armv7-m/libc_nano.a(lib_a-nano-mallocr.o)
                0x200000bc                __malloc_sbrk_start
 .bss.__malloc_free_list
                0x200000c0        0x4 /home/szymon/eclipse/plugins/fr.ac6.mcu.externaltools.arm-none.linux64_1.13.1.201703061524/tools/compiler/bin/../lib/gcc/arm-none-eabi/5.4.1/../../../../arm-none-eabi/lib/armv7-m/libc_nano.a(lib_a-nano-mallocr.o)
                0x200000c0                __malloc_free_list
 .bss.heap_end.4167
                0x200000c4        0x4 /home/szymon/eclipse/plugins/fr.ac6.mcu.externaltools.arm-none.linux64_1.13.1.201703061524/tools/compiler/bin/../lib/gcc/arm-none-eabi/5.4.1/../../../../arm-none-eabi/lib/armv7-m/libnosys.a(sbrk.o)
 *(COMMON)
 COMMON         0x200000c8       0x54 Src/adc.o
                0x200000c8                hadc
 COMMON         0x2000011c       0x24 Src/comp.o
                0x2000011c                hcomp2
 COMMON         0x20000140       0x14 Src/dac.o
                0x20000140                hdac
 COMMON         0x20000154        0x8 Src/fatfs.o
                0x20000154                retSD
                0x20000158                SD_Path
 COMMON         0x2000015c      0x560 Src/main.o
                0x2000015c                uart_buf
                0x2000025c                my_error
                0x20000260                my_file
                0x2000048c                my_fatfs
 COMMON         0x200006bc       0x20 Src/rtc.o
                0x200006bc                hrtc
 *fill*         0x200006dc        0x4 
 COMMON         0x200006e0       0xb8 Src/sdio.o
                0x200006e0                SDCardInfo
                0x20000738                hsd
 COMMON         0x20000798       0x38 Src/tim.o
                0x20000798                htim7
 COMMON         0x200007d0       0x40 Src/usart.o
                0x200007d0                huart2
 COMMON         0x20000810        0x4 Drivers/STM32L1xx_HAL_Driver/Src/stm32l1xx_hal.o
                0x20000810                uwTick
 COMMON         0x20000814        0x4 /home/szymon/eclipse/plugins/fr.ac6.mcu.externaltools.arm-none.linux64_1.13.1.201703061524/tools/compiler/bin/../lib/gcc/arm-none-eabi/5.4.1/../../../../arm-none-eabi/lib/armv7-m/libc_nano.a(lib_a-reent.o)
                0x20000814                errno
                0x20000818                . = ALIGN (0x4)
                0x20000818                _ebss = .
                0x20000818                __bss_end__ = _ebss

._user_heap_stack
                0x20000818      0x600 load address 0x08006694
                0x20000818                . = ALIGN (0x8)
                0x20000818                PROVIDE (end, .)
                [!provide]                PROVIDE (_end, .)
                0x20000a18                . = (. + _Min_Heap_Size)
 *fill*         0x20000818      0x200 
                0x20000e18                . = (. + _Min_Stack_Size)
 *fill*         0x20000a18      0x400 
                0x20000e18                . = ALIGN (0x8)

/DISCARD/
 libc.a(*)
 libm.a(*)
 libgcc.a(*)

.ARM.attributes
                0x00000000       0x29
 *(.ARM.attributes)
 .ARM.attributes
                0x00000000       0x1d /home/szymon/eclipse/plugins/fr.ac6.mcu.externaltools.arm-none.linux64_1.13.1.201703061524/tools/compiler/bin/../lib/gcc/arm-none-eabi/5.4.1/armv7-m/crti.o
 .ARM.attributes
                0x0000001d       0x2d /home/szymon/eclipse/plugins/fr.ac6.mcu.externaltools.arm-none.linux64_1.13.1.201703061524/tools/compiler/bin/../lib/gcc/arm-none-eabi/5.4.1/armv7-m/crtbegin.o
 .ARM.attributes
                0x0000004a       0x21 startup/startup_stm32l151xd.o
 .ARM.attributes
                0x0000006b       0x33 Src/adc.o
 .ARM.attributes
                0x0000009e       0x33 Src/bsp_driver_sd.o
 .ARM.attributes
                0x000000d1       0x33 Src/comp.o
 .ARM.attributes
                0x00000104       0x33 Src/dac.o
 .ARM.attributes
                0x00000137       0x33 Src/fatfs.o
 .ARM.attributes
                0x0000016a       0x33 Src/gpio.o
 .ARM.attributes
                0x0000019d       0x33 Src/main.o
 .ARM.attributes
                0x000001d0       0x33 Src/rtc.o
 .ARM.attributes
                0x00000203       0x33 Src/sdio.o
 .ARM.attributes
                0x00000236       0x33 Src/stm32l1xx_hal_msp.o
 .ARM.attributes
                0x00000269       0x33 Src/stm32l1xx_it.o
 .ARM.attributes
                0x0000029c       0x33 Src/system_stm32l1xx.o
 .ARM.attributes
                0x000002cf       0x33 Src/tim.o
 .ARM.attributes
                0x00000302       0x33 Src/usart.o
 .ARM.attributes
                0x00000335       0x33 Middlewares/Third_Party/FatFs/src/diskio.o
 .ARM.attributes
                0x00000368       0x33 Middlewares/Third_Party/FatFs/src/ff.o
 .ARM.attributes
                0x0000039b       0x33 Middlewares/Third_Party/FatFs/src/ff_gen_drv.o
 .ARM.attributes
                0x000003ce       0x33 Middlewares/Third_Party/FatFs/src/drivers/sd_diskio.o
 .ARM.attributes
                0x00000401       0x33 Drivers/STM32L1xx_HAL_Driver/Src/stm32l1xx_hal.o
 .ARM.attributes
                0x00000434       0x33 Drivers/STM32L1xx_HAL_Driver/Src/stm32l1xx_hal_adc.o
 .ARM.attributes
                0x00000467       0x33 Drivers/STM32L1xx_HAL_Driver/Src/stm32l1xx_hal_comp.o
 .ARM.attributes
                0x0000049a       0x33 Drivers/STM32L1xx_HAL_Driver/Src/stm32l1xx_hal_cortex.o
 .ARM.attributes
                0x000004cd       0x33 Drivers/STM32L1xx_HAL_Driver/Src/stm32l1xx_hal_dac.o
 .ARM.attributes
                0x00000500       0x33 Drivers/STM32L1xx_HAL_Driver/Src/stm32l1xx_hal_gpio.o
 .ARM.attributes
                0x00000533       0x33 Drivers/STM32L1xx_HAL_Driver/Src/stm32l1xx_hal_rcc.o
 .ARM.attributes
                0x00000566       0x33 Drivers/STM32L1xx_HAL_Driver/Src/stm32l1xx_hal_rcc_ex.o
 .ARM.attributes
                0x00000599       0x33 Drivers/STM32L1xx_HAL_Driver/Src/stm32l1xx_hal_rtc.o
 .ARM.attributes
                0x000005cc       0x33 Drivers/STM32L1xx_HAL_Driver/Src/stm32l1xx_hal_rtc_ex.o
 .ARM.attributes
                0x000005ff       0x33 Drivers/STM32L1xx_HAL_Driver/Src/stm32l1xx_hal_sd.o
 .ARM.attributes
                0x00000632       0x33 Drivers/STM32L1xx_HAL_Driver/Src/stm32l1xx_hal_tim.o
 .ARM.attributes
                0x00000665       0x33 Drivers/STM32L1xx_HAL_Driver/Src/stm32l1xx_hal_tim_ex.o
 .ARM.attributes
                0x00000698       0x33 Drivers/STM32L1xx_HAL_Driver/Src/stm32l1xx_hal_uart.o
 .ARM.attributes
                0x000006cb       0x33 Drivers/STM32L1xx_HAL_Driver/Src/stm32l1xx_ll_sdmmc.o
 .ARM.attributes
                0x000006fe       0x2d /home/szymon/eclipse/plugins/fr.ac6.mcu.externaltools.arm-none.linux64_1.13.1.201703061524/tools/compiler/bin/../lib/gcc/arm-none-eabi/5.4.1/../../../../arm-none-eabi/lib/armv7-m/libc_nano.a(lib_a-impure.o)
 .ARM.attributes
                0x0000072b       0x2d /home/szymon/eclipse/plugins/fr.ac6.mcu.externaltools.arm-none.linux64_1.13.1.201703061524/tools/compiler/bin/../lib/gcc/arm-none-eabi/5.4.1/../../../../arm-none-eabi/lib/armv7-m/libc_nano.a(lib_a-init.o)
 .ARM.attributes
                0x00000758       0x2d /home/szymon/eclipse/plugins/fr.ac6.mcu.externaltools.arm-none.linux64_1.13.1.201703061524/tools/compiler/bin/../lib/gcc/arm-none-eabi/5.4.1/../../../../arm-none-eabi/lib/armv7-m/libc_nano.a(lib_a-memset.o)
 .ARM.attributes
                0x00000785       0x2d /home/szymon/eclipse/plugins/fr.ac6.mcu.externaltools.arm-none.linux64_1.13.1.201703061524/tools/compiler/bin/../lib/gcc/arm-none-eabi/5.4.1/../../../../arm-none-eabi/lib/armv7-m/libc_nano.a(lib_a-sprintf.o)
 .ARM.attributes
                0x000007b2       0x2d /home/szymon/eclipse/plugins/fr.ac6.mcu.externaltools.arm-none.linux64_1.13.1.201703061524/tools/compiler/bin/../lib/gcc/arm-none-eabi/5.4.1/../../../../arm-none-eabi/lib/armv7-m/libc_nano.a(lib_a-nano-svfprintf.o)
 .ARM.attributes
                0x000007df       0x2d /home/szymon/eclipse/plugins/fr.ac6.mcu.externaltools.arm-none.linux64_1.13.1.201703061524/tools/compiler/bin/../lib/gcc/arm-none-eabi/5.4.1/../../../../arm-none-eabi/lib/armv7-m/libc_nano.a(lib_a-nano-vfprintf_i.o)
 .ARM.attributes
                0x0000080c       0x2d /home/szymon/eclipse/plugins/fr.ac6.mcu.externaltools.arm-none.linux64_1.13.1.201703061524/tools/compiler/bin/../lib/gcc/arm-none-eabi/5.4.1/../../../../arm-none-eabi/lib/armv7-m/libc_nano.a(lib_a-memchr-stub.o)
 .ARM.attributes
                0x00000839       0x2d /home/szymon/eclipse/plugins/fr.ac6.mcu.externaltools.arm-none.linux64_1.13.1.201703061524/tools/compiler/bin/../lib/gcc/arm-none-eabi/5.4.1/../../../../arm-none-eabi/lib/armv7-m/libc_nano.a(lib_a-memcpy-stub.o)
 .ARM.attributes
                0x00000866       0x2d /home/szymon/eclipse/plugins/fr.ac6.mcu.externaltools.arm-none.linux64_1.13.1.201703061524/tools/compiler/bin/../lib/gcc/arm-none-eabi/5.4.1/../../../../arm-none-eabi/lib/armv7-m/libc_nano.a(lib_a-memmove.o)
 .ARM.attributes
                0x00000893       0x2d /home/szymon/eclipse/plugins/fr.ac6.mcu.externaltools.arm-none.linux64_1.13.1.201703061524/tools/compiler/bin/../lib/gcc/arm-none-eabi/5.4.1/../../../../arm-none-eabi/lib/armv7-m/libc_nano.a(lib_a-nano-freer.o)
 .ARM.attributes
                0x000008c0       0x2d /home/szymon/eclipse/plugins/fr.ac6.mcu.externaltools.arm-none.linux64_1.13.1.201703061524/tools/compiler/bin/../lib/gcc/arm-none-eabi/5.4.1/../../../../arm-none-eabi/lib/armv7-m/libc_nano.a(lib_a-nano-mallocr.o)
 .ARM.attributes
                0x000008ed       0x2d /home/szymon/eclipse/plugins/fr.ac6.mcu.externaltools.arm-none.linux64_1.13.1.201703061524/tools/compiler/bin/../lib/gcc/arm-none-eabi/5.4.1/../../../../arm-none-eabi/lib/armv7-m/libc_nano.a(lib_a-nano-reallocr.o)
 .ARM.attributes
                0x0000091a       0x2d /home/szymon/eclipse/plugins/fr.ac6.mcu.externaltools.arm-none.linux64_1.13.1.201703061524/tools/compiler/bin/../lib/gcc/arm-none-eabi/5.4.1/../../../../arm-none-eabi/lib/armv7-m/libc_nano.a(lib_a-sbrkr.o)
 .ARM.attributes
                0x00000947       0x2d /home/szymon/eclipse/plugins/fr.ac6.mcu.externaltools.arm-none.linux64_1.13.1.201703061524/tools/compiler/bin/../lib/gcc/arm-none-eabi/5.4.1/../../../../arm-none-eabi/lib/armv7-m/libc_nano.a(lib_a-mlock.o)
 .ARM.attributes
                0x00000974       0x2d /home/szymon/eclipse/plugins/fr.ac6.mcu.externaltools.arm-none.linux64_1.13.1.201703061524/tools/compiler/bin/../lib/gcc/arm-none-eabi/5.4.1/../../../../arm-none-eabi/lib/armv7-m/libc_nano.a(lib_a-nano-msizer.o)
 .ARM.attributes
                0x000009a1       0x2d /home/szymon/eclipse/plugins/fr.ac6.mcu.externaltools.arm-none.linux64_1.13.1.201703061524/tools/compiler/bin/../lib/gcc/arm-none-eabi/5.4.1/../../../../arm-none-eabi/lib/armv7-m/libc_nano.a(lib_a-reent.o)
 .ARM.attributes
                0x000009ce       0x2d /home/szymon/eclipse/plugins/fr.ac6.mcu.externaltools.arm-none.linux64_1.13.1.201703061524/tools/compiler/bin/../lib/gcc/arm-none-eabi/5.4.1/../../../../arm-none-eabi/lib/armv7-m/libnosys.a(sbrk.o)
 .ARM.attributes
                0x000009fb       0x1d /home/szymon/eclipse/plugins/fr.ac6.mcu.externaltools.arm-none.linux64_1.13.1.201703061524/tools/compiler/bin/../lib/gcc/arm-none-eabi/5.4.1/armv7-m/crtn.o
OUTPUT(ARMS.elf elf32-littlearm)

.debug_line     0x00000000    0x16550
 .debug_line    0x00000000       0x7d startup/startup_stm32l151xd.o
 .debug_line    0x0000007d      0x868 Src/adc.o
 .debug_line    0x000008e5      0x943 Src/bsp_driver_sd.o
 .debug_line    0x00001228      0x85f Src/comp.o
 .debug_line    0x00001a87      0x859 Src/dac.o
 .debug_line    0x000022e0      0x913 Src/fatfs.o
 .debug_line    0x00002bf3      0x842 Src/gpio.o
 .debug_line    0x00003435      0xaa3 Src/main.o
 .debug_line    0x00003ed8      0x8ac Src/rtc.o
 .debug_line    0x00004784      0x864 Src/sdio.o
 .debug_line    0x00004fe8      0x82b Src/stm32l1xx_hal_msp.o
 .debug_line    0x00005813      0x8e4 Src/stm32l1xx_it.o
 .debug_line    0x000060f7      0x84d Src/system_stm32l1xx.o
 .debug_line    0x00006944      0x84b Src/tim.o
 .debug_line    0x0000718f      0x861 Src/usart.o
 .debug_line    0x000079f0      0x8e0 Middlewares/Third_Party/FatFs/src/diskio.o
 .debug_line    0x000082d0     0x178a Middlewares/Third_Party/FatFs/src/ff.o
 .debug_line    0x00009a5a      0x8e9 Middlewares/Third_Party/FatFs/src/ff_gen_drv.o
 .debug_line    0x0000a343      0x962 Middlewares/Third_Party/FatFs/src/drivers/sd_diskio.o
 .debug_line    0x0000aca5      0x980 Drivers/STM32L1xx_HAL_Driver/Src/stm32l1xx_hal.o
 .debug_line    0x0000b625      0xca5 Drivers/STM32L1xx_HAL_Driver/Src/stm32l1xx_hal_adc.o
 .debug_line    0x0000c2ca      0xa2c Drivers/STM32L1xx_HAL_Driver/Src/stm32l1xx_hal_comp.o
 .debug_line    0x0000ccf6      0xa2c Drivers/STM32L1xx_HAL_Driver/Src/stm32l1xx_hal_cortex.o
 .debug_line    0x0000d722      0xa6b Drivers/STM32L1xx_HAL_Driver/Src/stm32l1xx_hal_dac.o
 .debug_line    0x0000e18d      0x988 Drivers/STM32L1xx_HAL_Driver/Src/stm32l1xx_hal_gpio.o
 .debug_line    0x0000eb15      0xe35 Drivers/STM32L1xx_HAL_Driver/Src/stm32l1xx_hal_rcc.o
 .debug_line    0x0000f94a      0x99a Drivers/STM32L1xx_HAL_Driver/Src/stm32l1xx_hal_rcc_ex.o
 .debug_line    0x000102e4      0xa4f Drivers/STM32L1xx_HAL_Driver/Src/stm32l1xx_hal_rtc.o
 .debug_line    0x00010d33     0x10e9 Drivers/STM32L1xx_HAL_Driver/Src/stm32l1xx_hal_rtc_ex.o
 .debug_line    0x00011e1c     0x10fb Drivers/STM32L1xx_HAL_Driver/Src/stm32l1xx_hal_sd.o
 .debug_line    0x00012f17     0x15cc Drivers/STM32L1xx_HAL_Driver/Src/stm32l1xx_hal_tim.o
 .debug_line    0x000144e3      0x8a6 Drivers/STM32L1xx_HAL_Driver/Src/stm32l1xx_hal_tim_ex.o
 .debug_line    0x00014d89      0xe8c Drivers/STM32L1xx_HAL_Driver/Src/stm32l1xx_hal_uart.o
 .debug_line    0x00015c15      0x93b Drivers/STM32L1xx_HAL_Driver/Src/stm32l1xx_ll_sdmmc.o

.debug_info     0x00000000    0x1b8e2
 .debug_info    0x00000000       0x67 startup/startup_stm32l151xd.o
 .debug_info    0x00000067      0x916 Src/adc.o
 .debug_info    0x0000097d      0xe59 Src/bsp_driver_sd.o
 .debug_info    0x000017d6      0x63b Src/comp.o
 .debug_info    0x00001e11      0x7e5 Src/dac.o
 .debug_info    0x000025f6      0x289 Src/fatfs.o
 .debug_info    0x0000287f      0x67a Src/gpio.o
 .debug_info    0x00002ef9     0x22a5 Src/main.o
 .debug_info    0x0000519e      0xb0c Src/rtc.o
 .debug_info    0x00005caa      0xb33 Src/sdio.o
 .debug_info    0x000067dd      0x482 Src/stm32l1xx_hal_msp.o
 .debug_info    0x00006c5f      0x737 Src/stm32l1xx_it.o
 .debug_info    0x00007396      0x446 Src/system_stm32l1xx.o
 .debug_info    0x000077dc      0x76a Src/tim.o
 .debug_info    0x00007f46      0x7ff Src/usart.o
 .debug_info    0x00008745      0x466 Middlewares/Third_Party/FatFs/src/diskio.o
 .debug_info    0x00008bab     0x354b Middlewares/Third_Party/FatFs/src/ff.o
 .debug_info    0x0000c0f6      0x3eb Middlewares/Third_Party/FatFs/src/ff_gen_drv.o
 .debug_info    0x0000c4e1      0x75f Middlewares/Third_Party/FatFs/src/drivers/sd_diskio.o
 .debug_info    0x0000cc40      0x645 Drivers/STM32L1xx_HAL_Driver/Src/stm32l1xx_hal.o
 .debug_info    0x0000d285      0xff4 Drivers/STM32L1xx_HAL_Driver/Src/stm32l1xx_hal_adc.o
 .debug_info    0x0000e279      0x7da Drivers/STM32L1xx_HAL_Driver/Src/stm32l1xx_hal_comp.o
 .debug_info    0x0000ea53      0xe7c Drivers/STM32L1xx_HAL_Driver/Src/stm32l1xx_hal_cortex.o
 .debug_info    0x0000f8cf      0x9f4 Drivers/STM32L1xx_HAL_Driver/Src/stm32l1xx_hal_dac.o
 .debug_info    0x000102c3      0x608 Drivers/STM32L1xx_HAL_Driver/Src/stm32l1xx_hal_gpio.o
 .debug_info    0x000108cb     0x16ba Drivers/STM32L1xx_HAL_Driver/Src/stm32l1xx_hal_rcc.o
 .debug_info    0x00011f85      0x5ea Drivers/STM32L1xx_HAL_Driver/Src/stm32l1xx_hal_rcc_ex.o
 .debug_info    0x0001256f      0xadb Drivers/STM32L1xx_HAL_Driver/Src/stm32l1xx_hal_rtc.o
 .debug_info    0x0001304a     0x1591 Drivers/STM32L1xx_HAL_Driver/Src/stm32l1xx_hal_rtc_ex.o
 .debug_info    0x000145db     0x284a Drivers/STM32L1xx_HAL_Driver/Src/stm32l1xx_hal_sd.o
 .debug_info    0x00016e25     0x2d0d Drivers/STM32L1xx_HAL_Driver/Src/stm32l1xx_hal_tim.o
 .debug_info    0x00019b32      0x5fd Drivers/STM32L1xx_HAL_Driver/Src/stm32l1xx_hal_tim_ex.o
 .debug_info    0x0001a12f     0x11a2 Drivers/STM32L1xx_HAL_Driver/Src/stm32l1xx_hal_uart.o
 .debug_info    0x0001b2d1      0x611 Drivers/STM32L1xx_HAL_Driver/Src/stm32l1xx_ll_sdmmc.o

.debug_abbrev   0x00000000     0x3ca4
 .debug_abbrev  0x00000000       0x12 startup/startup_stm32l151xd.o
 .debug_abbrev  0x00000012      0x1a8 Src/adc.o
 .debug_abbrev  0x000001ba      0x26f Src/bsp_driver_sd.o
 .debug_abbrev  0x00000429      0x180 Src/comp.o
 .debug_abbrev  0x000005a9      0x1a8 Src/dac.o
 .debug_abbrev  0x00000751      0x13f Src/fatfs.o
 .debug_abbrev  0x00000890      0x151 Src/gpio.o
 .debug_abbrev  0x000009e1      0x33b Src/main.o
 .debug_abbrev  0x00000d1c      0x1fa Src/rtc.o
 .debug_abbrev  0x00000f16      0x1c7 Src/sdio.o
 .debug_abbrev  0x000010dd      0x114 Src/stm32l1xx_hal_msp.o
 .debug_abbrev  0x000011f1      0x174 Src/stm32l1xx_it.o
 .debug_abbrev  0x00001365      0x104 Src/system_stm32l1xx.o
 .debug_abbrev  0x00001469      0x197 Src/tim.o
 .debug_abbrev  0x00001600      0x1a8 Src/usart.o
 .debug_abbrev  0x000017a8      0x196 Middlewares/Third_Party/FatFs/src/diskio.o
 .debug_abbrev  0x0000193e      0x27b Middlewares/Third_Party/FatFs/src/ff.o
 .debug_abbrev  0x00001bb9      0x179 Middlewares/Third_Party/FatFs/src/ff_gen_drv.o
 .debug_abbrev  0x00001d32      0x15a Middlewares/Third_Party/FatFs/src/drivers/sd_diskio.o
 .debug_abbrev  0x00001e8c      0x1c1 Drivers/STM32L1xx_HAL_Driver/Src/stm32l1xx_hal.o
 .debug_abbrev  0x0000204d      0x269 Drivers/STM32L1xx_HAL_Driver/Src/stm32l1xx_hal_adc.o
 .debug_abbrev  0x000022b6      0x1c7 Drivers/STM32L1xx_HAL_Driver/Src/stm32l1xx_hal_comp.o
 .debug_abbrev  0x0000247d      0x2e2 Drivers/STM32L1xx_HAL_Driver/Src/stm32l1xx_hal_cortex.o
 .debug_abbrev  0x0000275f      0x1e6 Drivers/STM32L1xx_HAL_Driver/Src/stm32l1xx_hal_dac.o
 .debug_abbrev  0x00002945      0x1cd Drivers/STM32L1xx_HAL_Driver/Src/stm32l1xx_hal_gpio.o
 .debug_abbrev  0x00002b12      0x290 Drivers/STM32L1xx_HAL_Driver/Src/stm32l1xx_hal_rcc.o
 .debug_abbrev  0x00002da2      0x242 Drivers/STM32L1xx_HAL_Driver/Src/stm32l1xx_hal_rcc_ex.o
 .debug_abbrev  0x00002fe4      0x1ad Drivers/STM32L1xx_HAL_Driver/Src/stm32l1xx_hal_rtc.o
 .debug_abbrev  0x00003191      0x1bc Drivers/STM32L1xx_HAL_Driver/Src/stm32l1xx_hal_rtc_ex.o
 .debug_abbrev  0x0000334d      0x269 Drivers/STM32L1xx_HAL_Driver/Src/stm32l1xx_hal_sd.o
 .debug_abbrev  0x000035b6      0x20c Drivers/STM32L1xx_HAL_Driver/Src/stm32l1xx_hal_tim.o
 .debug_abbrev  0x000037c2      0x139 Drivers/STM32L1xx_HAL_Driver/Src/stm32l1xx_hal_tim_ex.o
 .debug_abbrev  0x000038fb      0x228 Drivers/STM32L1xx_HAL_Driver/Src/stm32l1xx_hal_uart.o
 .debug_abbrev  0x00003b23      0x181 Drivers/STM32L1xx_HAL_Driver/Src/stm32l1xx_ll_sdmmc.o

.debug_aranges  0x00000000     0x13d0
 .debug_aranges
                0x00000000       0x28 startup/startup_stm32l151xd.o
 .debug_aranges
                0x00000028       0x30 Src/adc.o
 .debug_aranges
                0x00000058       0x90 Src/bsp_driver_sd.o
 .debug_aranges
                0x000000e8       0x30 Src/comp.o
 .debug_aranges
                0x00000118       0x30 Src/dac.o
 .debug_aranges
                0x00000148       0x28 Src/fatfs.o
 .debug_aranges
                0x00000170       0x20 Src/gpio.o
 .debug_aranges
                0x00000190       0x58 Src/main.o
 .debug_aranges
                0x000001e8       0x40 Src/rtc.o
 .debug_aranges
                0x00000228       0x30 Src/sdio.o
 .debug_aranges
                0x00000258       0x20 Src/stm32l1xx_hal_msp.o
 .debug_aranges
                0x00000278       0x78 Src/stm32l1xx_it.o
 .debug_aranges
                0x000002f0       0x28 Src/system_stm32l1xx.o
 .debug_aranges
                0x00000318       0x30 Src/tim.o
 .debug_aranges
                0x00000348       0x30 Src/usart.o
 .debug_aranges
                0x00000378       0x48 Middlewares/Third_Party/FatFs/src/diskio.o
 .debug_aranges
                0x000003c0      0x1e8 Middlewares/Third_Party/FatFs/src/ff.o
 .debug_aranges
                0x000005a8       0x40 Middlewares/Third_Party/FatFs/src/ff_gen_drv.o
 .debug_aranges
                0x000005e8       0x40 Middlewares/Third_Party/FatFs/src/drivers/sd_diskio.o
 .debug_aranges
                0x00000628       0xb0 Drivers/STM32L1xx_HAL_Driver/Src/stm32l1xx_hal.o
 .debug_aranges
                0x000006d8       0xf0 Drivers/STM32L1xx_HAL_Driver/Src/stm32l1xx_hal_adc.o
 .debug_aranges
                0x000007c8       0x80 Drivers/STM32L1xx_HAL_Driver/Src/stm32l1xx_hal_comp.o
 .debug_aranges
                0x00000848       0xa8 Drivers/STM32L1xx_HAL_Driver/Src/stm32l1xx_hal_cortex.o
 .debug_aranges
                0x000008f0       0xc0 Drivers/STM32L1xx_HAL_Driver/Src/stm32l1xx_hal_dac.o
 .debug_aranges
                0x000009b0       0x58 Drivers/STM32L1xx_HAL_Driver/Src/stm32l1xx_hal_gpio.o
 .debug_aranges
                0x00000a08       0x90 Drivers/STM32L1xx_HAL_Driver/Src/stm32l1xx_hal_rcc.o
 .debug_aranges
                0x00000a98       0x58 Drivers/STM32L1xx_HAL_Driver/Src/stm32l1xx_hal_rcc_ex.o
 .debug_aranges
                0x00000af0       0x90 Drivers/STM32L1xx_HAL_Driver/Src/stm32l1xx_hal_rtc.o
 .debug_aranges
                0x00000b80      0x170 Drivers/STM32L1xx_HAL_Driver/Src/stm32l1xx_hal_rtc_ex.o
 .debug_aranges
                0x00000cf0      0x180 Drivers/STM32L1xx_HAL_Driver/Src/stm32l1xx_hal_sd.o
 .debug_aranges
                0x00000e70      0x368 Drivers/STM32L1xx_HAL_Driver/Src/stm32l1xx_hal_tim.o
 .debug_aranges
                0x000011d8       0x28 Drivers/STM32L1xx_HAL_Driver/Src/stm32l1xx_hal_tim_ex.o
 .debug_aranges
                0x00001200      0x150 Drivers/STM32L1xx_HAL_Driver/Src/stm32l1xx_hal_uart.o
 .debug_aranges
                0x00001350       0x80 Drivers/STM32L1xx_HAL_Driver/Src/stm32l1xx_ll_sdmmc.o

.debug_ranges   0x00000000     0x11e8
 .debug_ranges  0x00000000       0x20 startup/startup_stm32l151xd.o
 .debug_ranges  0x00000020       0x20 Src/adc.o
 .debug_ranges  0x00000040       0x80 Src/bsp_driver_sd.o
 .debug_ranges  0x000000c0       0x20 Src/comp.o
 .debug_ranges  0x000000e0       0x20 Src/dac.o
 .debug_ranges  0x00000100       0x18 Src/fatfs.o
 .debug_ranges  0x00000118       0x10 Src/gpio.o
 .debug_ranges  0x00000128       0x48 Src/main.o
 .debug_ranges  0x00000170       0x30 Src/rtc.o
 .debug_ranges  0x000001a0       0x20 Src/sdio.o
 .debug_ranges  0x000001c0       0x10 Src/stm32l1xx_hal_msp.o
 .debug_ranges  0x000001d0       0x68 Src/stm32l1xx_it.o
 .debug_ranges  0x00000238       0x18 Src/system_stm32l1xx.o
 .debug_ranges  0x00000250       0x20 Src/tim.o
 .debug_ranges  0x00000270       0x20 Src/usart.o
 .debug_ranges  0x00000290       0x38 Middlewares/Third_Party/FatFs/src/diskio.o
 .debug_ranges  0x000002c8      0x1d8 Middlewares/Third_Party/FatFs/src/ff.o
 .debug_ranges  0x000004a0       0x30 Middlewares/Third_Party/FatFs/src/ff_gen_drv.o
 .debug_ranges  0x000004d0       0x30 Middlewares/Third_Party/FatFs/src/drivers/sd_diskio.o
 .debug_ranges  0x00000500       0xa0 Drivers/STM32L1xx_HAL_Driver/Src/stm32l1xx_hal.o
 .debug_ranges  0x000005a0       0xe0 Drivers/STM32L1xx_HAL_Driver/Src/stm32l1xx_hal_adc.o
 .debug_ranges  0x00000680       0x70 Drivers/STM32L1xx_HAL_Driver/Src/stm32l1xx_hal_comp.o
 .debug_ranges  0x000006f0       0x98 Drivers/STM32L1xx_HAL_Driver/Src/stm32l1xx_hal_cortex.o
 .debug_ranges  0x00000788       0xb0 Drivers/STM32L1xx_HAL_Driver/Src/stm32l1xx_hal_dac.o
 .debug_ranges  0x00000838       0x48 Drivers/STM32L1xx_HAL_Driver/Src/stm32l1xx_hal_gpio.o
 .debug_ranges  0x00000880       0x98 Drivers/STM32L1xx_HAL_Driver/Src/stm32l1xx_hal_rcc.o
 .debug_ranges  0x00000918       0x60 Drivers/STM32L1xx_HAL_Driver/Src/stm32l1xx_hal_rcc_ex.o
 .debug_ranges  0x00000978       0x80 Drivers/STM32L1xx_HAL_Driver/Src/stm32l1xx_hal_rtc.o
 .debug_ranges  0x000009f8      0x160 Drivers/STM32L1xx_HAL_Driver/Src/stm32l1xx_hal_rtc_ex.o
 .debug_ranges  0x00000b58      0x170 Drivers/STM32L1xx_HAL_Driver/Src/stm32l1xx_hal_sd.o
 .debug_ranges  0x00000cc8      0x358 Drivers/STM32L1xx_HAL_Driver/Src/stm32l1xx_hal_tim.o
 .debug_ranges  0x00001020       0x18 Drivers/STM32L1xx_HAL_Driver/Src/stm32l1xx_hal_tim_ex.o
 .debug_ranges  0x00001038      0x140 Drivers/STM32L1xx_HAL_Driver/Src/stm32l1xx_hal_uart.o
 .debug_ranges  0x00001178       0x70 Drivers/STM32L1xx_HAL_Driver/Src/stm32l1xx_ll_sdmmc.o

.debug_loc      0x00000000     0xf7c5
 .debug_loc     0x00000000       0x4d Src/adc.o
 .debug_loc     0x0000004d      0x341 Src/bsp_driver_sd.o
 .debug_loc     0x0000038e       0x4d Src/comp.o
 .debug_loc     0x000003db       0x4d Src/dac.o
 .debug_loc     0x00000428      0x1e6 Src/main.o
 .debug_loc     0x0000060e       0xd0 Src/rtc.o
 .debug_loc     0x000006de       0x4d Src/sdio.o
 .debug_loc     0x0000072b      0x16b Src/system_stm32l1xx.o
 .debug_loc     0x00000896       0x4d Src/usart.o
 .debug_loc     0x000008e3      0x1fc Middlewares/Third_Party/FatFs/src/diskio.o
 .debug_loc     0x00000adf     0x3f39 Middlewares/Third_Party/FatFs/src/ff.o
 .debug_loc     0x00004a18      0x24d Middlewares/Third_Party/FatFs/src/ff_gen_drv.o
 .debug_loc     0x00004c65      0x30a Middlewares/Third_Party/FatFs/src/drivers/sd_diskio.o
 .debug_loc     0x00004f6f       0x6a Drivers/STM32L1xx_HAL_Driver/Src/stm32l1xx_hal.o
 .debug_loc     0x00004fd9      0x875 Drivers/STM32L1xx_HAL_Driver/Src/stm32l1xx_hal_adc.o
 .debug_loc     0x0000584e      0x44f Drivers/STM32L1xx_HAL_Driver/Src/stm32l1xx_hal_comp.o
 .debug_loc     0x00005c9d      0x548 Drivers/STM32L1xx_HAL_Driver/Src/stm32l1xx_hal_cortex.o
 .debug_loc     0x000061e5      0x625 Drivers/STM32L1xx_HAL_Driver/Src/stm32l1xx_hal_dac.o
 .debug_loc     0x0000680a      0x315 Drivers/STM32L1xx_HAL_Driver/Src/stm32l1xx_hal_gpio.o
 .debug_loc     0x00006b1f      0xbfb Drivers/STM32L1xx_HAL_Driver/Src/stm32l1xx_hal_rcc.o
 .debug_loc     0x0000771a      0x3e0 Drivers/STM32L1xx_HAL_Driver/Src/stm32l1xx_hal_rcc_ex.o
 .debug_loc     0x00007afa      0x619 Drivers/STM32L1xx_HAL_Driver/Src/stm32l1xx_hal_rtc.o
 .debug_loc     0x00008113     0x14b0 Drivers/STM32L1xx_HAL_Driver/Src/stm32l1xx_hal_rtc_ex.o
 .debug_loc     0x000095c3     0x1f0b Drivers/STM32L1xx_HAL_Driver/Src/stm32l1xx_hal_sd.o
 .debug_loc     0x0000b4ce     0x3051 Drivers/STM32L1xx_HAL_Driver/Src/stm32l1xx_hal_tim.o
 .debug_loc     0x0000e51f       0x74 Drivers/STM32L1xx_HAL_Driver/Src/stm32l1xx_hal_tim_ex.o
 .debug_loc     0x0000e593     0x1009 Drivers/STM32L1xx_HAL_Driver/Src/stm32l1xx_hal_uart.o
 .debug_loc     0x0000f59c      0x229 Drivers/STM32L1xx_HAL_Driver/Src/stm32l1xx_ll_sdmmc.o

.debug_macro    0x00000000    0x1eb4a
 .debug_macro   0x00000000      0x364 Src/adc.o
 .debug_macro   0x00000364      0x880 Src/adc.o
 .debug_macro   0x00000be4       0xee Src/adc.o
 .debug_macro   0x00000cd2       0xa6 Src/adc.o
 .debug_macro   0x00000d78       0x2e Src/adc.o
 .debug_macro   0x00000da6       0x22 Src/adc.o
 .debug_macro   0x00000dc8       0x22 Src/adc.o
 .debug_macro   0x00000dea       0x87 Src/adc.o
 .debug_macro   0x00000e71       0x44 Src/adc.o
 .debug_macro   0x00000eb5       0xfd Src/adc.o
 .debug_macro   0x00000fb2       0x5e Src/adc.o
 .debug_macro   0x00001010      0x1df Src/adc.o
 .debug_macro   0x000011ef       0x34 Src/adc.o
 .debug_macro   0x00001223       0x34 Src/adc.o
 .debug_macro   0x00001257      0xcb4 Src/adc.o
 .debug_macro   0x00001f0b     0xc9b4 Src/adc.o
 .debug_macro   0x0000e8bf       0x43 Src/adc.o
 .debug_macro   0x0000e902     0x347f Src/adc.o
 .debug_macro   0x00011d81       0x52 Src/adc.o
 .debug_macro   0x00011dd3       0x35 Src/adc.o
 .debug_macro   0x00011e08       0x9c Src/adc.o
 .debug_macro   0x00011ea4       0x16 Src/adc.o
 .debug_macro   0x00011eba       0x97 Src/adc.o
 .debug_macro   0x00011f51      0x30d Src/adc.o
 .debug_macro   0x0001225e       0xfd Src/adc.o
 .debug_macro   0x0001235b       0x10 Src/adc.o
 .debug_macro   0x0001236b       0x52 Src/adc.o
 .debug_macro   0x000123bd       0x1f Src/adc.o
 .debug_macro   0x000123dc       0x43 Src/adc.o
 .debug_macro   0x0001241f       0x20 Src/adc.o
 .debug_macro   0x0001243f      0x187 Src/adc.o
 .debug_macro   0x000125c6       0x10 Src/adc.o
 .debug_macro   0x000125d6       0x1c Src/adc.o
 .debug_macro   0x000125f2       0x52 Src/adc.o
 .debug_macro   0x00012644       0x40 Src/adc.o
 .debug_macro   0x00012684       0x10 Src/adc.o
 .debug_macro   0x00012694       0x40 Src/adc.o
 .debug_macro   0x000126d4       0xd7 Src/adc.o
 .debug_macro   0x000127ab       0x16 Src/adc.o
 .debug_macro   0x000127c1      0x18b Src/adc.o
 .debug_macro   0x0001294c       0x50 Src/adc.o
 .debug_macro   0x0001299c      0xe3f Src/adc.o
 .debug_macro   0x000137db      0x38d Src/adc.o
 .debug_macro   0x00013b68      0x141 Src/adc.o
 .debug_macro   0x00013ca9       0xcd Src/adc.o
 .debug_macro   0x00013d76      0x25d Src/adc.o
 .debug_macro   0x00013fd3      0x23c Src/adc.o
 .debug_macro   0x0001420f      0x68c Src/adc.o
 .debug_macro   0x0001489b      0x16f Src/adc.o
 .debug_macro   0x00014a0a      0x1fb Src/adc.o
 .debug_macro   0x00014c05       0xf6 Src/adc.o
 .debug_macro   0x00014cfb      0x117 Src/adc.o
 .debug_macro   0x00014e12       0xac Src/adc.o
 .debug_macro   0x00014ebe      0x115 Src/adc.o
 .debug_macro   0x00014fd3      0x486 Src/adc.o
 .debug_macro   0x00015459      0x1ef Src/adc.o
 .debug_macro   0x00015648       0x22 Src/adc.o
 .debug_macro   0x0001566a      0x28e Src/adc.o
 .debug_macro   0x000158f8      0x5d6 Src/adc.o
 .debug_macro   0x00015ece      0x48d Src/adc.o
 .debug_macro   0x0001635b      0x22b Src/adc.o
 .debug_macro   0x00016586      0x757 Src/adc.o
 .debug_macro   0x00016cdd       0xad Src/adc.o
 .debug_macro   0x00016d8a      0x287 Src/adc.o
 .debug_macro   0x00017011      0x47f Src/adc.o
 .debug_macro   0x00017490      0x35f Src/bsp_driver_sd.o
 .debug_macro   0x000177ef       0x28 Src/bsp_driver_sd.o
 .debug_macro   0x00017817      0x364 Src/comp.o
 .debug_macro   0x00017b7b      0x364 Src/dac.o
 .debug_macro   0x00017edf      0x3ac Src/fatfs.o
 .debug_macro   0x0001828b       0x2e Src/fatfs.o
 .debug_macro   0x000182b9       0xda Src/fatfs.o
 .debug_macro   0x00018393       0xee Src/fatfs.o
 .debug_macro   0x00018481       0x8e Src/fatfs.o
 .debug_macro   0x0001850f      0x35a Src/gpio.o
 .debug_macro   0x00018869      0x421 Src/main.o
 .debug_macro   0x00018c8a       0x16 Src/main.o
 .debug_macro   0x00018ca0       0x35 Src/main.o
 .debug_macro   0x00018cd5      0x35a Src/rtc.o
 .debug_macro   0x0001902f      0x364 Src/sdio.o
 .debug_macro   0x00019393      0x350 Src/stm32l1xx_hal_msp.o
 .debug_macro   0x000196e3      0x35a Src/stm32l1xx_it.o
 .debug_macro   0x00019a3d      0x356 Src/system_stm32l1xx.o
 .debug_macro   0x00019d93      0x35a Src/tim.o
 .debug_macro   0x0001a0ed      0x364 Src/usart.o
 .debug_macro   0x0001a451      0x399 Middlewares/Third_Party/FatFs/src/diskio.o
 .debug_macro   0x0001a7ea       0x16 Middlewares/Third_Party/FatFs/src/diskio.o
 .debug_macro   0x0001a800       0x7c Middlewares/Third_Party/FatFs/src/diskio.o
 .debug_macro   0x0001a87c      0x5e0 Middlewares/Third_Party/FatFs/src/ff.o
 .debug_macro   0x0001ae5c       0x4c Middlewares/Third_Party/FatFs/src/ff.o
 .debug_macro   0x0001aea8      0x399 Middlewares/Third_Party/FatFs/src/ff_gen_drv.o
 .debug_macro   0x0001b241      0x3ba Middlewares/Third_Party/FatFs/src/drivers/sd_diskio.o
 .debug_macro   0x0001b5fb      0x174 Middlewares/Third_Party/FatFs/src/drivers/sd_diskio.o
 .debug_macro   0x0001b76f       0x10 Middlewares/Third_Party/FatFs/src/drivers/sd_diskio.o
 .debug_macro   0x0001b77f      0x374 Drivers/STM32L1xx_HAL_Driver/Src/stm32l1xx_hal.o
 .debug_macro   0x0001baf3      0x36d Drivers/STM32L1xx_HAL_Driver/Src/stm32l1xx_hal_adc.o
 .debug_macro   0x0001be60      0x366 Drivers/STM32L1xx_HAL_Driver/Src/stm32l1xx_hal_comp.o
 .debug_macro   0x0001c1c6      0x350 Drivers/STM32L1xx_HAL_Driver/Src/stm32l1xx_hal_cortex.o
 .debug_macro   0x0001c516      0x351 Drivers/STM32L1xx_HAL_Driver/Src/stm32l1xx_hal_dac.o
 .debug_macro   0x0001c867      0x389 Drivers/STM32L1xx_HAL_Driver/Src/stm32l1xx_hal_gpio.o
 .debug_macro   0x0001cbf0      0x38c Drivers/STM32L1xx_HAL_Driver/Src/stm32l1xx_hal_rcc.o
 .debug_macro   0x0001cf7c      0x350 Drivers/STM32L1xx_HAL_Driver/Src/stm32l1xx_hal_rcc_ex.o
 .debug_macro   0x0001d2cc      0x351 Drivers/STM32L1xx_HAL_Driver/Src/stm32l1xx_hal_rtc.o
 .debug_macro   0x0001d61d      0x350 Drivers/STM32L1xx_HAL_Driver/Src/stm32l1xx_hal_rtc_ex.o
 .debug_macro   0x0001d96d      0x49a Drivers/STM32L1xx_HAL_Driver/Src/stm32l1xx_hal_sd.o
 .debug_macro   0x0001de07      0x351 Drivers/STM32L1xx_HAL_Driver/Src/stm32l1xx_hal_tim.o
 .debug_macro   0x0001e158      0x350 Drivers/STM32L1xx_HAL_Driver/Src/stm32l1xx_hal_tim_ex.o
 .debug_macro   0x0001e4a8      0x351 Drivers/STM32L1xx_HAL_Driver/Src/stm32l1xx_hal_uart.o
 .debug_macro   0x0001e7f9      0x351 Drivers/STM32L1xx_HAL_Driver/Src/stm32l1xx_ll_sdmmc.o

.debug_str      0x00000000    0xa590a
 .debug_str     0x00000000    0x9e834 Src/adc.o
                              0x9eb66 (size before relaxing)
 .debug_str     0x0009e834      0xa29 Src/bsp_driver_sd.o
                              0x9f267 (size before relaxing)
 .debug_str     0x0009f25d      0x4f0 Src/comp.o
                              0x9ec17 (size before relaxing)
 .debug_str     0x0009f74d      0x1b1 Src/dac.o
                              0x9eab8 (size before relaxing)
 .debug_str     0x0009f8fe      0x872 Src/fatfs.o
                              0x9ef1d (size before relaxing)
 .debug_str     0x000a0170       0x49 Src/gpio.o
                              0x9eab7 (size before relaxing)
 .debug_str     0x000a01b9      0xd0d Src/main.o
                              0xa064d (size before relaxing)
 .debug_str     0x000a0ec6       0xe3 Src/rtc.o
                              0x9ede5 (size before relaxing)
 .debug_str     0x000a0fa9       0x37 Src/sdio.o
                              0x9ed15 (size before relaxing)
 .debug_str     0x000a0fe0       0x44 Src/stm32l1xx_hal_msp.o
                              0x9ea06 (size before relaxing)
 .debug_str     0x000a1024      0x151 Src/stm32l1xx_it.o
                              0x9eada (size before relaxing)
 .debug_str     0x000a1175       0xfe Src/system_stm32l1xx.o
                              0x9e762 (size before relaxing)
 .debug_str     0x000a1273       0xca Src/tim.o
                              0x9eb09 (size before relaxing)
 .debug_str     0x000a133d       0x4c Src/usart.o
                              0x9eb0f (size before relaxing)
 .debug_str     0x000a1389       0x64 Middlewares/Third_Party/FatFs/src/diskio.o
                              0x9ef2b (size before relaxing)
 .debug_str     0x000a13ed      0xbdb Middlewares/Third_Party/FatFs/src/ff.o
                              0x9fd1b (size before relaxing)
 .debug_str     0x000a1fc8       0x91 Middlewares/Third_Party/FatFs/src/ff_gen_drv.o
                              0x9ef7c (size before relaxing)
 .debug_str     0x000a2059       0x7f Middlewares/Third_Party/FatFs/src/drivers/sd_diskio.o
                              0x9f2a5 (size before relaxing)
 .debug_str     0x000a20d8      0x25d Drivers/STM32L1xx_HAL_Driver/Src/stm32l1xx_hal.o
                              0x9ed84 (size before relaxing)
 .debug_str     0x000a2335      0x309 Drivers/STM32L1xx_HAL_Driver/Src/stm32l1xx_hal_adc.o
                              0x9ee57 (size before relaxing)
 .debug_str     0x000a263e      0x1cf Drivers/STM32L1xx_HAL_Driver/Src/stm32l1xx_hal_comp.o
                              0x9ea50 (size before relaxing)
 .debug_str     0x000a280d      0x338 Drivers/STM32L1xx_HAL_Driver/Src/stm32l1xx_hal_cortex.o
                              0x9eed1 (size before relaxing)
 .debug_str     0x000a2b45      0x194 Drivers/STM32L1xx_HAL_Driver/Src/stm32l1xx_hal_dac.o
                              0x9eb88 (size before relaxing)
 .debug_str     0x000a2cd9      0x17b Drivers/STM32L1xx_HAL_Driver/Src/stm32l1xx_hal_gpio.o
                              0x9e941 (size before relaxing)
 .debug_str     0x000a2e54      0x3cd Drivers/STM32L1xx_HAL_Driver/Src/stm32l1xx_hal_rcc.o
                              0x9ed08 (size before relaxing)
 .debug_str     0x000a3221      0x120 Drivers/STM32L1xx_HAL_Driver/Src/stm32l1xx_hal_rcc_ex.o
                              0x9e8a2 (size before relaxing)
 .debug_str     0x000a3341      0x137 Drivers/STM32L1xx_HAL_Driver/Src/stm32l1xx_hal_rtc.o
                              0x9eb20 (size before relaxing)
 .debug_str     0x000a3478      0x594 Drivers/STM32L1xx_HAL_Driver/Src/stm32l1xx_hal_rtc_ex.o
                              0x9f04f (size before relaxing)
 .debug_str     0x000a3a0c      0xe27 Drivers/STM32L1xx_HAL_Driver/Src/stm32l1xx_hal_sd.o
                              0x9ff0b (size before relaxing)
 .debug_str     0x000a4833      0xc6f Drivers/STM32L1xx_HAL_Driver/Src/stm32l1xx_hal_tim.o
                              0x9f737 (size before relaxing)
 .debug_str     0x000a54a2       0x57 Drivers/STM32L1xx_HAL_Driver/Src/stm32l1xx_hal_tim_ex.o
                              0x9ea86 (size before relaxing)
 .debug_str     0x000a54f9      0x345 Drivers/STM32L1xx_HAL_Driver/Src/stm32l1xx_hal_uart.o
                              0x9edf4 (size before relaxing)
 .debug_str     0x000a583e       0xcc Drivers/STM32L1xx_HAL_Driver/Src/stm32l1xx_ll_sdmmc.o
                              0x9e920 (size before relaxing)

.comment        0x00000000       0x6e
 .comment       0x00000000       0x6e Src/adc.o
                                 0x6f (size before relaxing)
 .comment       0x0000006e       0x6f Src/bsp_driver_sd.o
 .comment       0x0000006e       0x6f Src/comp.o
 .comment       0x0000006e       0x6f Src/dac.o
 .comment       0x0000006e       0x6f Src/fatfs.o
 .comment       0x0000006e       0x6f Src/gpio.o
 .comment       0x0000006e       0x6f Src/main.o
 .comment       0x0000006e       0x6f Src/rtc.o
 .comment       0x0000006e       0x6f Src/sdio.o
 .comment       0x0000006e       0x6f Src/stm32l1xx_hal_msp.o
 .comment       0x0000006e       0x6f Src/stm32l1xx_it.o
 .comment       0x0000006e       0x6f Src/system_stm32l1xx.o
 .comment       0x0000006e       0x6f Src/tim.o
 .comment       0x0000006e       0x6f Src/usart.o
 .comment       0x0000006e       0x6f Middlewares/Third_Party/FatFs/src/diskio.o
 .comment       0x0000006e       0x6f Middlewares/Third_Party/FatFs/src/ff.o
 .comment       0x0000006e       0x6f Middlewares/Third_Party/FatFs/src/ff_gen_drv.o
 .comment       0x0000006e       0x6f Middlewares/Third_Party/FatFs/src/drivers/sd_diskio.o
 .comment       0x0000006e       0x6f Drivers/STM32L1xx_HAL_Driver/Src/stm32l1xx_hal.o
 .comment       0x0000006e       0x6f Drivers/STM32L1xx_HAL_Driver/Src/stm32l1xx_hal_adc.o
 .comment       0x0000006e       0x6f Drivers/STM32L1xx_HAL_Driver/Src/stm32l1xx_hal_comp.o
 .comment       0x0000006e       0x6f Drivers/STM32L1xx_HAL_Driver/Src/stm32l1xx_hal_cortex.o
 .comment       0x0000006e       0x6f Drivers/STM32L1xx_HAL_Driver/Src/stm32l1xx_hal_dac.o
 .comment       0x0000006e       0x6f Drivers/STM32L1xx_HAL_Driver/Src/stm32l1xx_hal_gpio.o
 .comment       0x0000006e       0x6f Drivers/STM32L1xx_HAL_Driver/Src/stm32l1xx_hal_rcc.o
 .comment       0x0000006e       0x6f Drivers/STM32L1xx_HAL_Driver/Src/stm32l1xx_hal_rcc_ex.o
 .comment       0x0000006e       0x6f Drivers/STM32L1xx_HAL_Driver/Src/stm32l1xx_hal_rtc.o
 .comment       0x0000006e       0x6f Drivers/STM32L1xx_HAL_Driver/Src/stm32l1xx_hal_rtc_ex.o
 .comment       0x0000006e       0x6f Drivers/STM32L1xx_HAL_Driver/Src/stm32l1xx_hal_sd.o
 .comment       0x0000006e       0x6f Drivers/STM32L1xx_HAL_Driver/Src/stm32l1xx_hal_tim.o
 .comment       0x0000006e       0x6f Drivers/STM32L1xx_HAL_Driver/Src/stm32l1xx_hal_tim_ex.o
 .comment       0x0000006e       0x6f Drivers/STM32L1xx_HAL_Driver/Src/stm32l1xx_hal_uart.o
 .comment       0x0000006e       0x6f Drivers/STM32L1xx_HAL_Driver/Src/stm32l1xx_ll_sdmmc.o

.debug_frame    0x00000000     0x3920
 .debug_frame   0x00000000       0x64 Src/adc.o
 .debug_frame   0x00000064      0x184 Src/bsp_driver_sd.o
 .debug_frame   0x000001e8       0x64 Src/comp.o
 .debug_frame   0x0000024c       0x64 Src/dac.o
 .debug_frame   0x000002b0       0x38 Src/fatfs.o
 .debug_frame   0x000002e8       0x38 Src/gpio.o
 .debug_frame   0x00000320       0xc4 Src/main.o
 .debug_frame   0x000003e4       0x98 Src/rtc.o
 .debug_frame   0x0000047c       0x64 Src/sdio.o
 .debug_frame   0x000004e0       0x2c Src/stm32l1xx_hal_msp.o
 .debug_frame   0x0000050c       0xf0 Src/stm32l1xx_it.o
 .debug_frame   0x000005fc       0x30 Src/system_stm32l1xx.o
 .debug_frame   0x0000062c       0x54 Src/tim.o
 .debug_frame   0x00000680       0x60 Src/usart.o
 .debug_frame   0x000006e0       0xa0 Middlewares/Third_Party/FatFs/src/diskio.o
 .debug_frame   0x00000780      0x754 Middlewares/Third_Party/FatFs/src/ff.o
 .debug_frame   0x00000ed4       0x88 Middlewares/Third_Party/FatFs/src/ff_gen_drv.o
 .debug_frame   0x00000f5c       0xa4 Middlewares/Third_Party/FatFs/src/drivers/sd_diskio.o
 .debug_frame   0x00001000      0x168 Drivers/STM32L1xx_HAL_Driver/Src/stm32l1xx_hal.o
 .debug_frame   0x00001168      0x2e0 Drivers/STM32L1xx_HAL_Driver/Src/stm32l1xx_hal_adc.o
 .debug_frame   0x00001448      0x12c Drivers/STM32L1xx_HAL_Driver/Src/stm32l1xx_hal_comp.o
 .debug_frame   0x00001574      0x154 Drivers/STM32L1xx_HAL_Driver/Src/stm32l1xx_hal_cortex.o
 .debug_frame   0x000016c8      0x200 Drivers/STM32L1xx_HAL_Driver/Src/stm32l1xx_hal_dac.o
 .debug_frame   0x000018c8       0xc4 Drivers/STM32L1xx_HAL_Driver/Src/stm32l1xx_hal_gpio.o
 .debug_frame   0x0000198c      0x160 Drivers/STM32L1xx_HAL_Driver/Src/stm32l1xx_hal_rcc.o
 .debug_frame   0x00001aec       0xc4 Drivers/STM32L1xx_HAL_Driver/Src/stm32l1xx_hal_rcc_ex.o
 .debug_frame   0x00001bb0      0x198 Drivers/STM32L1xx_HAL_Driver/Src/stm32l1xx_hal_rtc.o
 .debug_frame   0x00001d48      0x498 Drivers/STM32L1xx_HAL_Driver/Src/stm32l1xx_hal_rtc_ex.o
 .debug_frame   0x000021e0      0x508 Drivers/STM32L1xx_HAL_Driver/Src/stm32l1xx_hal_sd.o
 .debug_frame   0x000026e8      0x9c4 Drivers/STM32L1xx_HAL_Driver/Src/stm32l1xx_hal_tim.o
 .debug_frame   0x000030ac       0x48 Drivers/STM32L1xx_HAL_Driver/Src/stm32l1xx_hal_tim_ex.o
 .debug_frame   0x000030f4      0x378 Drivers/STM32L1xx_HAL_Driver/Src/stm32l1xx_hal_uart.o
 .debug_frame   0x0000346c       0xf8 Drivers/STM32L1xx_HAL_Driver/Src/stm32l1xx_ll_sdmmc.o
 .debug_frame   0x00003564       0x2c /home/szymon/eclipse/plugins/fr.ac6.mcu.externaltools.arm-none.linux64_1.13.1.201703061524/tools/compiler/bin/../lib/gcc/arm-none-eabi/5.4.1/../../../../arm-none-eabi/lib/armv7-m/libc_nano.a(lib_a-init.o)
 .debug_frame   0x00003590       0x20 /home/szymon/eclipse/plugins/fr.ac6.mcu.externaltools.arm-none.linux64_1.13.1.201703061524/tools/compiler/bin/../lib/gcc/arm-none-eabi/5.4.1/../../../../arm-none-eabi/lib/armv7-m/libc_nano.a(lib_a-memset.o)
 .debug_frame   0x000035b0       0x70 /home/szymon/eclipse/plugins/fr.ac6.mcu.externaltools.arm-none.linux64_1.13.1.201703061524/tools/compiler/bin/../lib/gcc/arm-none-eabi/5.4.1/../../../../arm-none-eabi/lib/armv7-m/libc_nano.a(lib_a-sprintf.o)
 .debug_frame   0x00003620       0x90 /home/szymon/eclipse/plugins/fr.ac6.mcu.externaltools.arm-none.linux64_1.13.1.201703061524/tools/compiler/bin/../lib/gcc/arm-none-eabi/5.4.1/../../../../arm-none-eabi/lib/armv7-m/libc_nano.a(lib_a-nano-svfprintf.o)
 .debug_frame   0x000036b0       0x60 /home/szymon/eclipse/plugins/fr.ac6.mcu.externaltools.arm-none.linux64_1.13.1.201703061524/tools/compiler/bin/../lib/gcc/arm-none-eabi/5.4.1/../../../../arm-none-eabi/lib/armv7-m/libc_nano.a(lib_a-nano-vfprintf_i.o)
 .debug_frame   0x00003710       0x28 /home/szymon/eclipse/plugins/fr.ac6.mcu.externaltools.arm-none.linux64_1.13.1.201703061524/tools/compiler/bin/../lib/gcc/arm-none-eabi/5.4.1/../../../../arm-none-eabi/lib/armv7-m/libc_nano.a(lib_a-memchr-stub.o)
 .debug_frame   0x00003738       0x28 /home/szymon/eclipse/plugins/fr.ac6.mcu.externaltools.arm-none.linux64_1.13.1.201703061524/tools/compiler/bin/../lib/gcc/arm-none-eabi/5.4.1/../../../../arm-none-eabi/lib/armv7-m/libc_nano.a(lib_a-memcpy-stub.o)
 .debug_frame   0x00003760       0x28 /home/szymon/eclipse/plugins/fr.ac6.mcu.externaltools.arm-none.linux64_1.13.1.201703061524/tools/compiler/bin/../lib/gcc/arm-none-eabi/5.4.1/../../../../arm-none-eabi/lib/armv7-m/libc_nano.a(lib_a-memmove.o)
 .debug_frame   0x00003788       0x38 /home/szymon/eclipse/plugins/fr.ac6.mcu.externaltools.arm-none.linux64_1.13.1.201703061524/tools/compiler/bin/../lib/gcc/arm-none-eabi/5.4.1/../../../../arm-none-eabi/lib/armv7-m/libc_nano.a(lib_a-nano-freer.o)
 .debug_frame   0x000037c0       0x2c /home/szymon/eclipse/plugins/fr.ac6.mcu.externaltools.arm-none.linux64_1.13.1.201703061524/tools/compiler/bin/../lib/gcc/arm-none-eabi/5.4.1/../../../../arm-none-eabi/lib/armv7-m/libc_nano.a(lib_a-nano-mallocr.o)
 .debug_frame   0x000037ec       0x3c /home/szymon/eclipse/plugins/fr.ac6.mcu.externaltools.arm-none.linux64_1.13.1.201703061524/tools/compiler/bin/../lib/gcc/arm-none-eabi/5.4.1/../../../../arm-none-eabi/lib/armv7-m/libc_nano.a(lib_a-nano-reallocr.o)
 .debug_frame   0x00003828       0x2c /home/szymon/eclipse/plugins/fr.ac6.mcu.externaltools.arm-none.linux64_1.13.1.201703061524/tools/compiler/bin/../lib/gcc/arm-none-eabi/5.4.1/../../../../arm-none-eabi/lib/armv7-m/libc_nano.a(lib_a-sbrkr.o)
 .debug_frame   0x00003854       0x30 /home/szymon/eclipse/plugins/fr.ac6.mcu.externaltools.arm-none.linux64_1.13.1.201703061524/tools/compiler/bin/../lib/gcc/arm-none-eabi/5.4.1/../../../../arm-none-eabi/lib/armv7-m/libc_nano.a(lib_a-mlock.o)
 .debug_frame   0x00003884       0x20 /home/szymon/eclipse/plugins/fr.ac6.mcu.externaltools.arm-none.linux64_1.13.1.201703061524/tools/compiler/bin/../lib/gcc/arm-none-eabi/5.4.1/../../../../arm-none-eabi/lib/armv7-m/libc_nano.a(lib_a-nano-msizer.o)